Component: ARM Compiler 5.06 update 3 (build 300) Tool: armlink [4d35c9]

==============================================================================

Section Cross References

    main.o(.text) refers to ff.o(.text) for f_opendir
    main.o(.text) refers to malloc.o(.text) for mymalloc
    main.o(.text) refers to exfuns.o(.text) for f_typetell
    main.o(.text) refers to delay.o(.text) for delay_init
    main.o(.text) refers to misc.o(.text) for NVIC_PriorityGroupConfig
    main.o(.text) refers to usart.o(.text) for uart_init
    main.o(.text) refers to led.o(.text) for LED_Init
    main.o(.text) refers to key.o(.text) for KEY_Init
    main.o(.text) refers to lcd.o(.text) for LCD_Init
    main.o(.text) refers to w25qxx.o(.text) for W25QXX_Init
    main.o(.text) refers to fontupd.o(.text) for font_init
    main.o(.text) refers to text.o(.text) for Show_Str
    main.o(.text) refers to piclib.o(.text) for piclib_init
    main.o(.text) refers to strcpy.o(.text) for strcpy
    main.o(.text) refers to strcat.o(.text) for strcat
    main.o(.text) refers to usmart_config.o(.data) for usmart_dev
    main.o(.text) refers to exfuns.o(.data) for fs
    main.o(.text) refers to lcd.o(.data) for POINT_COLOR
    main.o(.text) refers to lcd.o(.bss) for lcddev
    system_stm32f10x.o(.text) refers to system_stm32f10x.o(.data) for SystemCoreClock
    image2lcd.o(.text) refers to lcd.o(.text) for LCD_Set_Window
    led.o(.text) refers to stm32f10x_rcc.o(.text) for RCC_APB2PeriphClockCmd
    led.o(.text) refers to stm32f10x_gpio.o(.text) for GPIO_Init
    key.o(.text) refers to stm32f10x_rcc.o(.text) for RCC_APB2PeriphClockCmd
    key.o(.text) refers to stm32f10x_gpio.o(.text) for GPIO_Init
    key.o(.text) refers to delay.o(.text) for delay_ms
    key.o(.text) refers to key.o(.data) for key_up
    lcd.o(.text) refers to _printf_percent.o(.ARM.Collect$$_printf_percent$$00000000) for _printf_percent
    lcd.o(.text) refers to _printf_x.o(.ARM.Collect$$_printf_percent$$0000000C) for _printf_x
    lcd.o(.text) refers to _printf_hex_int.o(.text) for _printf_longlong_hex
    lcd.o(.text) refers to delay.o(.text) for delay_us
    lcd.o(.text) refers to lcd.o(.bss) for lcddev
    lcd.o(.text) refers to lcd.o(.data) for POINT_COLOR
    lcd.o(.text) refers to dflt_clz.o(x$fpl$dfltu) for __aeabi_ui2d
    lcd.o(.text) refers to dmul.o(x$fpl$dmul) for __aeabi_dmul
    lcd.o(.text) refers to dfixu.o(x$fpl$dfixu) for __aeabi_d2uiz
    lcd.o(.text) refers to stm32f10x_rcc.o(.text) for RCC_AHBPeriphClockCmd
    lcd.o(.text) refers to stm32f10x_gpio.o(.text) for GPIO_Init
    lcd.o(.text) refers to stm32f10x_fsmc.o(.text) for FSMC_NORSRAMInit
    lcd.o(.text) refers to noretval__2printf.o(.text) for __2printf
    lcd.o(.text) refers to lcd.o(.constdata) for asc2_1206
    spi.o(.text) refers to stm32f10x_spi.o(.text) for SPI_I2S_GetFlagStatus
    spi.o(.text) refers to stm32f10x_rcc.o(.text) for RCC_APB2PeriphClockCmd
    spi.o(.text) refers to stm32f10x_gpio.o(.text) for GPIO_Init
    w25qxx.o(.text) refers to _printf_percent.o(.ARM.Collect$$_printf_percent$$00000000) for _printf_percent
    w25qxx.o(.text) refers to _printf_x.o(.ARM.Collect$$_printf_percent$$0000000C) for _printf_x
    w25qxx.o(.text) refers to _printf_hex_int.o(.text) for _printf_longlong_hex
    w25qxx.o(.text) refers to spi.o(.text) for SPI2_ReadWriteByte
    w25qxx.o(.text) refers to stm32f10x_rcc.o(.text) for RCC_APB2PeriphClockCmd
    w25qxx.o(.text) refers to stm32f10x_gpio.o(.text) for GPIO_Init
    w25qxx.o(.text) refers to noretval__2printf.o(.text) for __2printf
    w25qxx.o(.text) refers to delay.o(.text) for delay_us
    w25qxx.o(.text) refers to w25qxx.o(.data) for W25QXX_TYPE
    w25qxx.o(.text) refers to w25qxx.o(.bss) for W25QXX_BUFFER
    sdio_sdcard.o(.text) refers to stm32f10x_sdio.o(.text) for SDIO_GetFlagStatus
    sdio_sdcard.o(.text) refers to sdio_sdcard.o(.data) for DeviceMode
    sdio_sdcard.o(.text) refers to sdio_sdcard.o(.bss) for SDIO_CmdInitStructure
    sdio_sdcard.o(.text) refers to stm32f10x_rcc.o(.text) for RCC_APB2PeriphClockCmd
    sdio_sdcard.o(.text) refers to stm32f10x_gpio.o(.text) for GPIO_Init
    sdio_sdcard.o(.text) refers to misc.o(.text) for NVIC_Init
    sdio_sdcard.o(.text) refers to stm32f10x_dma.o(.text) for DMA_DeInit
    sdio_sdcard.o(.text) refers to sys.o(.text) for INTX_DISABLE
    sdio_sdcard.o(.text) refers to rt_memcpy_v6.o(.text) for __aeabi_memcpy
    delay.o(.text) refers to system_stm32f10x.o(.data) for SystemCoreClock
    delay.o(.text) refers to delay.o(.data) for fac_us
    usart.o(.text) refers (Special) to use_no_semi_2.o(.text) for __use_no_semihosting
    usart.o(.text) refers to stm32f10x_rcc.o(.text) for RCC_APB2PeriphClockCmd
    usart.o(.text) refers to stm32f10x_gpio.o(.text) for GPIO_Init
    usart.o(.text) refers to misc.o(.text) for NVIC_Init
    usart.o(.text) refers to stm32f10x_usart.o(.text) for USART_Init
[...]
    LCD_BGR2RGB                              0x08000afd   Thumb Code    26  lcd.o(.text)
    opt_delay                                0x08000b17   Thumb Code    14  lcd.o(.text)
    LCD_SetCursor                            0x08000b25   Thumb Code   418  lcd.o(.text)
    LCD_ReadPoint                            0x08000cc7   Thumb Code   360  lcd.o(.text)
    LCD_DisplayOn                            0x08000e2f   Thumb Code   102  lcd.o(.text)
    LCD_DisplayOff                           0x08000e95   Thumb Code    90  lcd.o(.text)
    LCD_Scan_Dir                             0x08000eef   Thumb Code   744  lcd.o(.text)
    LCD_DrawPoint                            0x080011d7   Thumb Code    28  lcd.o(.text)
    LCD_Fast_DrawPoint                       0x080011f3   Thumb Code   384  lcd.o(.text)
    LCD_SSD_BackLightSet                     0x08001373   Thumb Code    80  lcd.o(.text)
    LCD_Display_Dir                          0x080013c3   Thumb Code   444  lcd.o(.text)
    LCD_Set_Window                           0x0800157f   Thumb Code   540  lcd.o(.text)
    LCD_Clear                                0x0800179b   Thumb Code   100  lcd.o(.text)
    LCD_Init                                 0x080017ff   Thumb Code 14202  lcd.o(.text)
    LCD_Fill                                 0x08004f79   Thumb Code   178  lcd.o(.text)
    LCD_Color_Fill                           0x0800502b   Thumb Code   106  lcd.o(.text)
    LCD_DrawLine                             0x08005095   Thumb Code   176  lcd.o(.text)
    LCD_DrawRectangle                        0x08005145   Thumb Code    60  lcd.o(.text)
    LCD_Draw_Circle                          0x08005181   Thumb Code   152  lcd.o(.text)
    LCD_ShowChar                             0x08005219   Thumb Code   272  lcd.o(.text)
    LCD_Pow                                  0x08005329   Thumb Code    22  lcd.o(.text)
    LCD_ShowNum                              0x0800533f   Thumb Code   148  lcd.o(.text)
    LCD_ShowxNum                             0x080053d3   Thumb Code   220  lcd.o(.text)
    LCD_ShowString                           0x080054af   Thumb Code   102  lcd.o(.text)
    SPI2_ReadWriteByte                       0x08005515   Thumb Code    78  spi.o(.text)
    SPI2_Init                                0x08005563   Thumb Code   140  spi.o(.text)
    SPI2_SetSpeed                            0x080055ef   Thumb Code    36  spi.o(.text)
    W25QXX_ReadID                            0x0800561d   Thumb Code    64  w25qxx.o(.text)
    W25QXX_Init                              0x0800565d   Thumb Code    74  w25qxx.o(.text)
    W25QXX_ReadSR                            0x080056a7   Thumb Code    36  w25qxx.o(.text)
    W25QXX_Write_SR                          0x080056cb   Thumb Code    32  w25qxx.o(.text)
    W25QXX_Write_Enable                      0x080056eb   Thumb Code    24  w25qxx.o(.text)
    W25QXX_Write_Disable                     0x08005703   Thumb Code    24  w25qxx.o(.text)
    W25QXX_Read                              0x0800571b   Thumb Code    74  w25qxx.o(.text)
    W25QXX_Wait_Busy                         0x08005765   Thumb Code    18  w25qxx.o(.text)
    W25QXX_Write_Page                        0x08005777   Thumb Code    80  w25qxx.o(.text)
    W25QXX_Write_NoCheck                     0x080057c7   Thumb Code    70  w25qxx.o(.text)
    W25QXX_Erase_Sector                      0x0800580d   Thumb Code    70  w25qxx.o(.text)
    W25QXX_Write                             0x08005853   Thumb Code   180  w25qxx.o(.text)
    W25QXX_Erase_Chip                        0x08005907   Thumb Code    36  w25qxx.o(.text)
    W25QXX_PowerDown                         0x0800592b   Thumb Code    30  w25qxx.o(.text)
    W25QXX_WAKEUP                            0x08005949   Thumb Code    30  w25qxx.o(.text)
    SD_SetDeviceMode                         0x08005985   Thumb Code    20  sdio_sdcard.o(.text)
    SDIO_Clock_Set                           0x08005999   Thumb Code    16  sdio_sdcard.o(.text)
    CmdResp1Error                            0x080059a9   Thumb Code    90  sdio_sdcard.o(.text)
    FindSCR                                  0x08005a03   Thumb Code   386  sdio_sdcard.o(.text)
    SDEnWideBus                              0x08005b85   Thumb Code   158  sdio_sdcard.o(.text)
    SD_EnableWideBusOperation                0x08005c23   Thumb Code    94  sdio_sdcard.o(.text)
    SD_SelectDeselect                        0x08005c81   Thumb Code    42  sdio_sdcard.o(.text)
    SD_GetCardInfo                           0x08005cab   Thumb Code   802  sdio_sdcard.o(.text)
    CmdResp2Error                            0x08005fcd   Thumb Code    80  sdio_sdcard.o(.text)
    CmdResp6Error                            0x0800601d   Thumb Code   140  sdio_sdcard.o(.text)
    SD_InitializeCards                       0x080060a9   Thumb Code   336  sdio_sdcard.o(.text)
    CmdResp3Error                            0x080061f9   Thumb Code    50  sdio_sdcard.o(.text)
    CmdResp7Error                            0x0800622b   Thumb Code    70  sdio_sdcard.o(.text)
    CmdError                                 0x08006271   Thumb Code    48  sdio_sdcard.o(.text)
    SD_PowerON                               0x080062a1   Thumb Code   450  sdio_sdcard.o(.text)
    SD_Init                                  0x08006463   Thumb Code   238  sdio_sdcard.o(.text)
    SD_PowerOFF                              0x08006551   Thumb Code    12  sdio_sdcard.o(.text)
    SD_DMA_Config                            0x0800655d   Thumb Code   146  sdio_sdcard.o(.text)
    convert_from_bytes_to_power_of_two       0x080065ef   Thumb Code    18  sdio_sdcard.o(.text)
    SD_ReadBlock                             0x08006601   Thumb Code   560  sdio_sdcard.o(.text)
    SD_ReadMultiBlocks                       0x08006831   Thumb Code   742  sdio_sdcard.o(.text)
    IsCardProgramming                        0x08006b17   Thumb Code   142  sdio_sdcard.o(.text)
    SD_WriteBlock                            0x08006ba5   Thumb Code   888  sdio_sdcard.o(.text)
    SD_WriteMultiBlocks                      0x08006f1d   Thumb Code   962  sdio_sdcard.o(.text)
    SD_ProcessIRQSrc                         0x080072df   Thumb Code   294  sdio_sdcard.o(.text)
    SDIO_IRQHandler                          0x08007405   Thumb Code     8  sdio_sdcard.o(.text)
    SD_SendStatus                            0x0800740d   Thumb Code    72  sdio_sdcard.o(.text)
    SD_GetState                              0x08007455   Thumb Code    26  sdio_sdcard.o(.text)
    SD_ReadDisk                              0x0800746f   Thumb Code   148  sdio_sdcard.o(.text)
    SD_WriteDisk                             0x08007503   Thumb Code   148  sdio_sdcard.o(.text)
    delay_init                               0x080075b5   Thumb Code    40  delay.o(.text)
    delay_us                                 0x080075dd   Thumb Code    72  delay.o(.text)
    delay_ms                                 0x08007625   Thumb Code    72  delay.o(.text)
    WFI_SET                                  0x0800767d   Thumb Code     4  sys.o(.text)
    INTX_DISABLE                             0x08007681   Thumb Code     4  sys.o(.text)
    INTX_ENABLE                              0x08007685   Thumb Code     4  sys.o(.text)
    _sys_exit                                0x08007689   Thumb Code     6  usart.o(.text)
    fputc                                    0x0800768f   Thumb Code    24  usart.o(.text)
    uart_init                                0x080076a7   Thumb Code   152  usart.o(.text)
    USART1_IRQHandler                        0x0800773f   Thumb Code   122  usart.o(.text)
    Reset_Handler                            0x080077c9   Thumb Code     8  startup_stm32f10x_hd.o(.text)
    ADC1_2_IRQHandler                        0x080077e3   Thumb Code     0  startup_stm32f10x_hd.o(.text)
    ADC3_IRQHandler                          0x080077e3   Thumb Code     0  startup_stm32f10x_hd.o(.text)
    CAN1_RX1_IRQHandler                      0x080077e3   Thumb Code     0  startup_stm32f10x_hd.o(.text)
    CAN1_SCE_IRQHandler                      0x080077e3   Thumb Code     0  startup_stm32f10x_hd.o(.text)
    DMA1_Channel1_IRQHandler                 0x080077e3   Thumb Code     0  startup_stm32f10x_hd.o(.text)
    DMA1_Channel2_IRQHandler                 0x080077e3   Thumb Code     0  startup_stm32f10x_hd.o(.text)
    DMA1_Channel3_IRQHandler                 0x080077e3   Thumb Code     0  startup_stm32f10x_hd.o(.text)
    DMA1_Channel4_IRQHandler                 0x080077e3   Thumb Code     0  startup_stm32f10x_hd.o(.text)
    DMA1_Channel5_IRQHandler                 0x080077e3   Thumb Code     0  startup_stm32f10x_hd.o(.text)
    DMA1_Channel6_IRQHandler                 0x080077e3   Thumb Code     0  startup_stm32f10x_hd.o(.text)
    DMA1_Channel7_IRQHandler                 0x080077e3   Thumb Code     0  startup_stm32f10x_hd.o(.text)
    DMA2_Channel1_IRQHandler                 0x080077e3   Thumb Code     0  startup_stm32f10x_hd.o(.text)
    DMA2_Channel2_IRQHandler                 0x080077e3   Thumb Code     0  startup_stm32f10x_hd.o(.text)
    DMA2_Channel3_IRQHandler                 0x080077e3   Thumb Code     0  startup_stm32f10x_hd.o(.text)
    DMA2_Channel4_5_IRQHandler               0x080077e3   Thumb Code     0  startup_stm32f10x_hd.o(.text)
    EXTI0_IRQHandler                         0x080077e3   Thumb Code     0  startup_stm32f10x_hd.o(.text)
    EXTI15_10_IRQHandler                     0x080077e3   Thumb Code     0  startup_stm32f10x_hd.o(.text)
    EXTI1_IRQHandler                         0x080077e3   Thumb Code     0  startup_stm32f10x_hd.o(.text)
    EXTI2_IRQHandler                         0x080077e3   Thumb Code     0  startup_stm32f10x_hd.o(.text)
    EXTI3_IRQHandler                         0x080077e3   Thumb Code     0  startup_stm32f10x_hd.o(.text)
    EXTI4_IRQHandler                         0x080077e3   Thumb Code     0  startup_stm32f10x_hd.o(.text)
    EXTI9_5_IRQHandler                       0x080077e3   Thumb Code     0  startup_stm32f10x_hd.o(.text)
    FLASH_IRQHandler                         0x080077e3   Thumb Code     0  startup_stm32f10x_hd.o(.text)
    FSMC_IRQHandler                          0x080077e3   Thumb Code     0  startup_stm32f10x_hd.o(.text)
    I2C1_ER_IRQHandler                       0x080077e3   Thumb Code     0  startup_stm32f10x_hd.o(.text)
    I2C1_EV_IRQHandler                       0x080077e3   Thumb Code     0  startup_stm32f10x_hd.o(.text)
    I2C2_ER_IRQHandler                       0x080077e3   Thumb Code     0  startup_stm32f10x_hd.o(.text)
    I2C2_EV_IRQHandler                       0x080077e3   Thumb Code     0  startup_stm32f10x_hd.o(.text)
    PVD_IRQHandler                           0x080077e3   Thumb Code     0  startup_stm32f10x_hd.o(.text)
    RCC_IRQHandler                           0x080077e3   Thumb Code     0  startup_stm32f10x_hd.o(.text)
    RTCAlarm_IRQHandler                      0x080077e3   Thumb Code     0  startup_stm32f10x_hd.o(.text)
    RTC_IRQHandler                           0x080077e3   Thumb Code     0  startup_stm32f10x_hd.o(.text)
    SPI1_IRQHandler                          0x080077e3   Thumb Code     0  startup_stm32f10x_hd.o(.text)
    SPI2_IRQHandler                          0x080077e3   Thumb Code     0  startup_stm32f10x_hd.o(.text)
    SPI3_IRQHandler                          0x080077e3   Thumb Code     0  startup_stm32f10x_hd.o(.text)
    TAMPER_IRQHandler                        0x080077e3   Thumb Code     0  startup_stm32f10x_hd.o(.text)
    TIM1_BRK_IRQHandler                      0x080077e3   Thumb Code     0  startup_stm32f10x_hd.o(.text)
    TIM1_CC_IRQHandler                       0x080077e3   Thumb Code     0  startup_stm32f10x_hd.o(.text)
    TIM1_TRG_COM_IRQHandler                  0x080077e3   Thumb Code     0  startup_stm32f10x_hd.o(.text)
    TIM1_UP_IRQHandler                       0x080077e3   Thumb Code     0  startup_stm32f10x_hd.o(.text)
    TIM2_IRQHandler                          0x080077e3   Thumb Code     0  startup_stm32f10x_hd.o(.text)
    TIM3_IRQHandler                          0x080077e3   Thumb Code     0  startup_stm32f10x_hd.o(.text)
    TIM5_IRQHandler                          0x080077e3   Thumb Code     0  startup_stm32f10x_hd.o(.text)
    TIM6_IRQHandler                          0x080077e3   Thumb Code     0  startup_stm32f10x_hd.o(.text)
    TIM7_IRQHandler                          0x080077e3   Thumb Code     0  startup_stm32f10x_hd.o(.text)
    TIM8_BRK_IRQHandler                      0x080077e3   Thumb Code     0  startup_stm32f10x_hd.o(.text)
    TIM8_CC_IRQHandler                       0x080077e3   Thumb Code     0  startup_stm32f10x_hd.o(.text)
    TIM8_TRG_COM_IRQHandler                  0x080077e3   Thumb Code     0  startup_stm32f10x_hd.o(.text)
    TIM8_UP_IRQHandler                       0x080077e3   Thumb Code     0  startup_stm32f10x_hd.o(.text)
    UART4_IRQHandler                         0x080077e3   Thumb Code     0  startup_stm32f10x_hd.o(.text)
    UART5_IRQHandler                         0x080077e3   Thumb Code     0  startup_stm32f10x_hd.o(.text)
    USART2_IRQHandler                        0x080077e3   Thumb Code     0  startup_stm32f10x_hd.o(.text)
    USART3_IRQHandler                        0x080077e3   Thumb Code     0  startup_stm32f10x_hd.o(.text)
    USBWakeUp_IRQHandler                     0x080077e3   Thumb Code     0  startup_stm32f10x_hd.o(.text)
    USB_HP_CAN1_TX_IRQHandler                0x080077e3   Thumb Code     0  startup_stm32f10x_hd.o(.text)
    USB_LP_CAN1_RX0_IRQHandler               0x080077e3   Thumb Code     0  startup_stm32f10x_hd.o(.text)
    WWDG_IRQHandler                          0x080077e3   Thumb Code     0  startup_stm32f10x_hd.o(.text)
    __user_initial_stackheap                 0x080077e5   Thumb Code     0  startup_stm32f10x_hd.o(.text)
    NVIC_PriorityGroupConfig                 0x08007809   Thumb Code    10  misc.o(.text)
    NVIC_Init                                0x08007813   Thumb Code   100  misc.o(.text)
    NVIC_SetVectorTable                      0x08007877   Thumb Code    14  misc.o(.text)
    NVIC_SystemLPConfig                      0x08007885   Thumb Code    34  misc.o(.text)
    SysTick_CLKSourceConfig                  0x080078a7   Thumb Code    40  misc.o(.text)
    FSMC_NORSRAMDeInit                       0x080078e5   Thumb Code    54  stm32f10x_fsmc.o(.text)
    FSMC_NANDDeInit                          0x0800791b   Thumb Code    62  stm32f10x_fsmc.o(.text)
    FSMC_PCCARDDeInit                        0x08007959   Thumb Code    36  stm32f10x_fsmc.o(.text)
    FSMC_NORSRAMInit                         0x0800797d   Thumb Code   230  stm32f10x_fsmc.o(.text)
    FSMC_NANDInit                            0x08007a63   Thumb Code   132  stm32f10x_fsmc.o(.text)
    FSMC_PCCARDInit                          0x08007ae7   Thumb Code   130  stm32f10x_fsmc.o(.text)
    FSMC_NORSRAMStructInit                   0x08007b69   Thumb Code   114  stm32f10x_fsmc.o(.text)
    FSMC_NANDStructInit                      0x08007bdb   Thumb Code    54  stm32f10x_fsmc.o(.text)
    FSMC_PCCARDStructInit                    0x08007c11   Thumb Code    60  stm32f10x_fsmc.o(.text)
    FSMC_NORSRAMCmd                          0x08007c4d   Thumb Code    46  stm32f10x_fsmc.o(.text)
    FSMC_NANDCmd                             0x08007c7b   Thumb Code    86  stm32f10x_fsmc.o(.text)
    FSMC_PCCARDCmd                           0x08007cd1   Thumb Code    44  stm32f10x_fsmc.o(.text)
    FSMC_NANDECCCmd                          0x08007cfd   Thumb Code    90  stm32f10x_fsmc.o(.text)
    FSMC_GetECC                              0x08007d57   Thumb Code    24  stm32f10x_fsmc.o(.text)
    FSMC_ITConfig                            0x08007d6f   Thumb Code   128  stm32f10x_fsmc.o(.text)
    FSMC_GetFlagStatus                       0x08007def   Thumb Code    54  stm32f10x_fsmc.o(.text)
    FSMC_ClearFlag                           0x08007e25   Thumb Code    62  stm32f10x_fsmc.o(.text)
    FSMC_GetITStatus                         0x08007e63   Thumb Code    64  stm32f10x_fsmc.o(.text)
    FSMC_ClearITPendingBit                   0x08007ea3   Thumb Code    68  stm32f10x_fsmc.o(.text)
    GPIO_DeInit                              0x08007ef1   Thumb Code   172  stm32f10x_gpio.o(.text)
    GPIO_AFIODeInit                          0x08007f9d   Thumb Code    20  stm32f10x_gpio.o(.text)
    GPIO_Init                                0x08007fb1   Thumb Code   278  stm32f10x_gpio.o(.text)
    GPIO_StructInit                          0x080080c7   Thumb Code    16  stm32f10x_gpio.o(.text)
    GPIO_ReadInputDataBit                    0x080080d7   Thumb Code    18  stm32f10x_gpio.o(.text)
    GPIO_ReadInputData                       0x080080e9   Thumb Code     8  stm32f10x_gpio.o(.text)
    GPIO_ReadOutputDataBit                   0x080080f1   Thumb Code    18  stm32f10x_gpio.o(.text)
    GPIO_ReadOutputData                      0x08008103   Thumb Code     8  stm32f10x_gpio.o(.text)
    GPIO_SetBits                             0x0800810b   Thumb Code     4  stm32f10x_gpio.o(.text)
    GPIO_ResetBits                           0x0800810f   Thumb Code     4  stm32f10x_gpio.o(.text)
    GPIO_WriteBit                            0x08008113   Thumb Code    10  stm32f10x_gpio.o(.text)
    GPIO_Write                               0x0800811d   Thumb Code     4  stm32f10x_gpio.o(.text)
    GPIO_PinLockConfig                       0x08008121   Thumb Code    18  stm32f10x_gpio.o(.text)
    GPIO_EventOutputConfig                   0x08008133   Thumb Code    26  stm32f10x_gpio.o(.text)
    GPIO_EventOutputCmd                      0x0800814d   Thumb Code     6  stm32f10x_gpio.o(.text)
    GPIO_PinRemapConfig                      0x08008153   Thumb Code   138  stm32f10x_gpio.o(.text)
    GPIO_EXTILineConfig                      0x080081dd   Thumb Code    66  stm32f10x_gpio.o(.text)
    GPIO_ETH_MediaInterfaceConfig            0x0800821f   Thumb Code     8  stm32f10x_gpio.o(.text)
    RCC_DeInit                               0x0800824d   Thumb Code    64  stm32f10x_rcc.o(.text)
    RCC_HSEConfig                            0x0800828d   Thumb Code    70  stm32f10x_rcc.o(.text)
    RCC_GetFlagStatus                        0x080082d3   Thumb Code    56  stm32f10x_rcc.o(.text)
    RCC_WaitForHSEStartUp                    0x0800830b   Thumb Code    56  stm32f10x_rcc.o(.text)
    RCC_AdjustHSICalibrationValue            0x08008343   Thumb Code    20  stm32f10x_rcc.o(.text)
    RCC_HSICmd                               0x08008357   Thumb Code     6  stm32f10x_rcc.o(.text)
    RCC_PLLConfig                            0x0800835d   Thumb Code    24  stm32f10x_rcc.o(.text)
    RCC_PLLCmd                               0x08008375   Thumb Code     6  stm32f10x_rcc.o(.text)
    RCC_SYSCLKConfig                         0x0800837b   Thumb Code    18  stm32f10x_rcc.o(.text)
    RCC_GetSYSCLKSource                      0x0800838d   Thumb Code    10  stm32f10x_rcc.o(.text)
    RCC_HCLKConfig                           0x08008397   Thumb Code    18  stm32f10x_rcc.o(.text)
    RCC_PCLK1Config                          0x080083a9   Thumb Code    18  stm32f10x_rcc.o(.text)
    RCC_PCLK2Config                          0x080083bb   Thumb Code    20  stm32f10x_rcc.o(.text)
    RCC_ITConfig                             0x080083cf   Thumb Code    26  stm32f10x_rcc.o(.text)
    RCC_USBCLKConfig                         0x080083e9   Thumb Code     8  stm32f10x_rcc.o(.text)
    RCC_ADCCLKConfig                         0x080083f1   Thumb Code    18  stm32f10x_rcc.o(.text)
    RCC_LSEConfig                            0x08008403   Thumb Code    50  stm32f10x_rcc.o(.text)
    RCC_LSICmd                               0x08008435   Thumb Code     6  stm32f10x_rcc.o(.text)
    RCC_RTCCLKConfig                         0x0800843b   Thumb Code    12  stm32f10x_rcc.o(.text)
    RCC_RTCCLKCmd                            0x08008447   Thumb Code     8  stm32f10x_rcc.o(.text)
    RCC_GetClocksFreq                        0x0800844f   Thumb Code   192  stm32f10x_rcc.o(.text)
    RCC_AHBPeriphClockCmd                    0x0800850f   Thumb Code    26  stm32f10x_rcc.o(.text)
    RCC_APB2PeriphClockCmd                   0x08008529   Thumb Code    26  stm32f10x_rcc.o(.text)
    RCC_APB1PeriphClockCmd                   0x08008543   Thumb Code    26  stm32f10x_rcc.o(.text)
    RCC_APB2PeriphResetCmd                   0x0800855d   Thumb Code    26  stm32f10x_rcc.o(.text)
    RCC_APB1PeriphResetCmd                   0x08008577   Thumb Code    26  stm32f10x_rcc.o(.text)
    RCC_BackupResetCmd                       0x08008591   Thumb Code     8  stm32f10x_rcc.o(.text)
    RCC_ClockSecuritySystemCmd               0x08008599   Thumb Code     6  stm32f10x_rcc.o(.text)
    RCC_MCOConfig                            0x0800859f   Thumb Code     6  stm32f10x_rcc.o(.text)
    RCC_ClearFlag                            0x080085a5   Thumb Code    14  stm32f10x_rcc.o(.text)
    RCC_GetITStatus                          0x080085b3   Thumb Code    20  stm32f10x_rcc.o(.text)
    RCC_ClearITPendingBit                    0x080085c7   Thumb Code     6  stm32f10x_rcc.o(.text)
    SPI_I2S_DeInit                           0x080085f1   Thumb Code    76  stm32f10x_spi.o(.text)
    SPI_Init                                 0x0800863d   Thumb Code    60  stm32f10x_spi.o(.text)
    I2S_Init                                 0x08008679   Thumb Code   226  stm32f10x_spi.o(.text)
    SPI_StructInit                           0x0800875b   Thumb Code    24  stm32f10x_spi.o(.text)
    I2S_StructInit                           0x08008773   Thumb Code    20  stm32f10x_spi.o(.text)
    SPI_Cmd                                  0x08008787   Thumb Code    24  stm32f10x_spi.o(.text)
    I2S_Cmd                                  0x0800879f   Thumb Code    24  stm32f10x_spi.o(.text)
    SPI_I2S_ITConfig                         0x080087b7   Thumb Code    32  stm32f10x_spi.o(.text)
    SPI_I2S_DMACmd                           0x080087d7   Thumb Code    18  stm32f10x_spi.o(.text)
    SPI_I2S_SendData                         0x080087e9   Thumb Code     4  stm32f10x_spi.o(.text)
    SPI_I2S_ReceiveData                      0x080087ed   Thumb Code     6  stm32f10x_spi.o(.text)
    SPI_NSSInternalSoftwareConfig            0x080087f3   Thumb Code    30  stm32f10x_spi.o(.text)
    SPI_SSOutputCmd                          0x08008811   Thumb Code    24  stm32f10x_spi.o(.text)
    SPI_DataSizeConfig                       0x08008829   Thumb Code    18  stm32f10x_spi.o(.text)
    SPI_TransmitCRC                          0x0800883b   Thumb Code    10  stm32f10x_spi.o(.text)
    SPI_CalculateCRC                         0x08008845   Thumb Code    24  stm32f10x_spi.o(.text)
    SPI_GetCRC                               0x0800885d   Thumb Code    16  stm32f10x_spi.o(.text)
    SPI_GetCRCPolynomial                     0x0800886d   Thumb Code     6  stm32f10x_spi.o(.text)
    SPI_BiDirectionalLineConfig              0x08008873   Thumb Code    28  stm32f10x_spi.o(.text)
    SPI_I2S_GetFlagStatus                    0x0800888f   Thumb Code    18  stm32f10x_spi.o(.text)
    SPI_I2S_ClearFlag                        0x080088a1   Thumb Code     6  stm32f10x_spi.o(.text)
    SPI_I2S_GetITStatus                      0x080088a7   Thumb Code    52  stm32f10x_spi.o(.text)
    SPI_I2S_ClearITPendingBit                0x080088db   Thumb Code    20  stm32f10x_spi.o(.text)
    USART_DeInit                             0x080088fd   Thumb Code   134  stm32f10x_usart.o(.text)
    USART_Init                               0x08008983   Thumb Code   210  stm32f10x_usart.o(.text)
    USART_StructInit                         0x08008a55   Thumb Code    24  stm32f10x_usart.o(.text)
    USART_ClockInit                          0x08008a6d   Thumb Code    34  stm32f10x_usart.o(.text)
    USART_ClockStructInit                    0x08008a8f   Thumb Code    12  stm32f10x_usart.o(.text)
    USART_Cmd                                0x08008a9b   Thumb Code    24  stm32f10x_usart.o(.text)
    USART_ITConfig                           0x08008ab3   Thumb Code    74  stm32f10x_usart.o(.text)
    USART_DMACmd                             0x08008afd   Thumb Code    18  stm32f10x_usart.o(.text)
    USART_SetAddress                         0x08008b0f   Thumb Code    18  stm32f10x_usart.o(.text)
    USART_WakeUpConfig                       0x08008b21   Thumb Code    18  stm32f10x_usart.o(.text)
    USART_ReceiverWakeUpCmd                  0x08008b33   Thumb Code    24  stm32f10x_usart.o(.text)
    USART_LINBreakDetectLengthConfig         0x08008b4b   Thumb Code    18  stm32f10x_usart.o(.text)
    USART_LINCmd                             0x08008b5d   Thumb Code    24  stm32f10x_usart.o(.text)
    USART_SendData                           0x08008b75   Thumb Code     8  stm32f10x_usart.o(.text)
    USART_ReceiveData                        0x08008b7d   Thumb Code    10  stm32f10x_usart.o(.text)
    USART_SendBreak                          0x08008b87   Thumb Code    10  stm32f10x_usart.o(.text)
    USART_SetGuardTime                       0x08008b91   Thumb Code    16  stm32f10x_usart.o(.text)
    USART_SetPrescaler                       0x08008ba1   Thumb Code    16  stm32f10x_usart.o(.text)
    USART_SmartCardCmd                       0x08008bb1   Thumb Code    24  stm32f10x_usart.o(.text)
    USART_SmartCardNACKCmd                   0x08008bc9   Thumb Code    24  stm32f10x_usart.o(.text)
    USART_HalfDuplexCmd                      0x08008be1   Thumb Code    24  stm32f10x_usart.o(.text)
    USART_OverSampling8Cmd                   0x08008bf9   Thumb Code    22  stm32f10x_usart.o(.text)
    USART_OneBitMethodCmd                    0x08008c0f   Thumb Code    24  stm32f10x_usart.o(.text)
    USART_IrDAConfig                         0x08008c27   Thumb Code    18  stm32f10x_usart.o(.text)
    USART_IrDACmd                            0x08008c39   Thumb Code    24  stm32f10x_usart.o(.text)
    USART_GetFlagStatus                      0x08008c51   Thumb Code    26  stm32f10x_usart.o(.text)
    USART_ClearFlag                          0x08008c6b   Thumb Code    18  stm32f10x_usart.o(.text)
    USART_GetITStatus                        0x08008c7d   Thumb Code    84  stm32f10x_usart.o(.text)
    USART_ClearITPendingBit                  0x08008cd1   Thumb Code    52  stm32f10x_usart.o(.text)
    TIM_DeInit                               0x08008d05   Thumb Code   424  stm32f10x_tim.o(.text)
    TIM_TimeBaseInit                         0x08008ead   Thumb Code   122  stm32f10x_tim.o(.text)
    TIM_OC1Init                              0x08008f27   Thumb Code   132  stm32f10x_tim.o(.text)
    TIM_OC2Init                              0x08008fab   Thumb Code   154  stm32f10x_tim.o(.text)
    TIM_OC3Init                              0x08009045   Thumb Code   150  stm32f10x_tim.o(.text)
    TIM_OC4Init                              0x080090db   Thumb Code   182  stm32f10x_tim.o(.text)
    TIM_SetIC4Prescaler                      0x08009191   Thumb Code    26  stm32f10x_tim.o(.text)
    TIM_SetIC3Prescaler                      0x0800922d   Thumb Code    18  stm32f10x_tim.o(.text)
    TIM_SetIC2Prescaler                      0x080092b9   Thumb Code    26  stm32f10x_tim.o(.text)
    TIM_SetIC1Prescaler                      0x08009355   Thumb Code    18  stm32f10x_tim.o(.text)
    TIM_ICInit                               0x080093d3   Thumb Code   150  stm32f10x_tim.o(.text)
    TIM_PWMIConfig                           0x08009469   Thumb Code   124  stm32f10x_tim.o(.text)
    TIM_BDTRConfig                           0x080094e5   Thumb Code    32  stm32f10x_tim.o(.text)
    TIM_TimeBaseStructInit                   0x08009505   Thumb Code    18  stm32f10x_tim.o(.text)
    TIM_OCStructInit                         0x08009517   Thumb Code    20  stm32f10x_tim.o(.text)
    TIM_ICStructInit                         0x0800952b   Thumb Code    18  stm32f10x_tim.o(.text)
    TIM_BDTRStructInit                       0x0800953d   Thumb Code    40  stm32f10x_tim.o(.text)
    TIM_Cmd                                  0x08009565   Thumb Code    24  stm32f10x_tim.o(.text)
    TIM_CtrlPWMOutputs                       0x0800957d   Thumb Code    30  stm32f10x_tim.o(.text)
    TIM_ITConfig                             0x0800959b   Thumb Code    18  stm32f10x_tim.o(.text)
    TIM_GenerateEvent                        0x080095ad   Thumb Code     4  stm32f10x_tim.o(.text)
    TIM_DMAConfig                            0x080095b1   Thumb Code    10  stm32f10x_tim.o(.text)
    TIM_DMACmd                               0x080095bb   Thumb Code    18  stm32f10x_tim.o(.text)
    TIM_InternalClockConfig                  0x080095cd   Thumb Code    12  stm32f10x_tim.o(.text)
    TIM_SelectInputTrigger                   0x080095d9   Thumb Code    18  stm32f10x_tim.o(.text)
    TIM_ITRxExternalClockConfig              0x080095eb   Thumb Code    24  stm32f10x_tim.o(.text)
    TIM_TIxExternalClockConfig               0x08009603   Thumb Code    62  stm32f10x_tim.o(.text)
    TIM_ETRConfig                            0x08009641   Thumb Code    28  stm32f10x_tim.o(.text)
    TIM_ETRClockMode1Config                  0x0800965d   Thumb Code    54  stm32f10x_tim.o(.text)
    TIM_ETRClockMode2Config                  0x08009693   Thumb Code    32  stm32f10x_tim.o(.text)
    TIM_PrescalerConfig                      0x080096b3   Thumb Code     6  stm32f10x_tim.o(.text)
    TIM_CounterModeConfig                    0x080096b9   Thumb Code    18  stm32f10x_tim.o(.text)
    TIM_EncoderInterfaceConfig               0x080096cb   Thumb Code    66  stm32f10x_tim.o(.text)
    TIM_ForcedOC1Config                      0x0800970d   Thumb Code    18  stm32f10x_tim.o(.text)
    TIM_ForcedOC2Config                      0x0800971f   Thumb Code    26  stm32f10x_tim.o(.text)
    TIM_ForcedOC3Config                      0x08009739   Thumb Code    18  stm32f10x_tim.o(.text)
    TIM_ForcedOC4Config                      0x0800974b   Thumb Code    26  stm32f10x_tim.o(.text)
    TIM_ARRPreloadConfig                     0x08009765   Thumb Code    24  stm32f10x_tim.o(.text)
    TIM_SelectCOM                            0x0800977d   Thumb Code    24  stm32f10x_tim.o(.text)
    TIM_SelectCCDMA                          0x08009795   Thumb Code    24  stm32f10x_tim.o(.text)
    TIM_CCPreloadControl                     0x080097ad   Thumb Code    24  stm32f10x_tim.o(.text)
    TIM_OC1PreloadConfig                     0x080097c5   Thumb Code    18  stm32f10x_tim.o(.text)
    TIM_OC2PreloadConfig                     0x080097d7   Thumb Code    26  stm32f10x_tim.o(.text)
    TIM_OC3PreloadConfig                     0x080097f1   Thumb Code    18  stm32f10x_tim.o(.text)
    TIM_OC4PreloadConfig                     0x08009803   Thumb Code    26  stm32f10x_tim.o(.text)
    TIM_OC1FastConfig                        0x0800981d   Thumb Code    18  stm32f10x_tim.o(.text)
    TIM_OC2FastConfig                        0x0800982f   Thumb Code    26  stm32f10x_tim.o(.text)
    TIM_OC3FastConfig                        0x08009849   Thumb Code    18  stm32f10x_tim.o(.text)
    TIM_OC4FastConfig                        0x0800985b   Thumb Code    26  stm32f10x_tim.o(.text)
    TIM_ClearOC1Ref                          0x08009875   Thumb Code    18  stm32f10x_tim.o(.text)
    TIM_ClearOC2Ref                          0x08009887   Thumb Code    24  stm32f10x_tim.o(.text)
    TIM_ClearOC3Ref                          0x0800989f   Thumb Code    18  stm32f10x_tim.o(.text)
    TIM_ClearOC4Ref                          0x080098b1   Thumb Code    24  stm32f10x_tim.o(.text)
    TIM_OC1PolarityConfig                    0x080098c9   Thumb Code    18  stm32f10x_tim.o(.text)
    TIM_OC1NPolarityConfig                   0x080098db   Thumb Code    18  stm32f10x_tim.o(.text)
    TIM_OC2PolarityConfig                    0x080098ed   Thumb Code    26  stm32f10x_tim.o(.text)
    TIM_OC2NPolarityConfig                   0x08009907   Thumb Code    26  stm32f10x_tim.o(.text)
    TIM_OC3PolarityConfig                    0x08009921   Thumb Code    26  stm32f10x_tim.o(.text)
    TIM_OC3NPolarityConfig                   0x0800993b   Thumb Code    26  stm32f10x_tim.o(.text)
    TIM_OC4PolarityConfig                    0x08009955   Thumb Code    26  stm32f10x_tim.o(.text)
    TIM_CCxCmd                               0x0800996f   Thumb Code    30  stm32f10x_tim.o(.text)
    TIM_CCxNCmd                              0x0800998d   Thumb Code    30  stm32f10x_tim.o(.text)
    TIM_SelectOCxM                           0x080099ab   Thumb Code    82  stm32f10x_tim.o(.text)
    TIM_UpdateDisableConfig                  0x080099fd   Thumb Code    24  stm32f10x_tim.o(.text)
    TIM_UpdateRequestConfig                  0x08009a15   Thumb Code    24  stm32f10x_tim.o(.text)
    TIM_SelectHallSensor                     0x08009a2d   Thumb Code    24  stm32f10x_tim.o(.text)
    TIM_SelectOnePulseMode                   0x08009a45   Thumb Code    18  stm32f10x_tim.o(.text)
    TIM_SelectOutputTrigger                  0x08009a57   Thumb Code    18  stm32f10x_tim.o(.text)
    TIM_SelectSlaveMode                      0x08009a69   Thumb Code    18  stm32f10x_tim.o(.text)
    TIM_SelectMasterSlaveMode                0x08009a7b   Thumb Code    18  stm32f10x_tim.o(.text)
    TIM_SetCounter                           0x08009a8d   Thumb Code     4  stm32f10x_tim.o(.text)
    TIM_SetAutoreload                        0x08009a91   Thumb Code     4  stm32f10x_tim.o(.text)
    TIM_SetCompare1                          0x08009a95   Thumb Code     4  stm32f10x_tim.o(.text)
    TIM_SetCompare2                          0x08009a99   Thumb Code     4  stm32f10x_tim.o(.text)
    TIM_SetCompare3                          0x08009a9d   Thumb Code     4  stm32f10x_tim.o(.text)
    TIM_SetCompare4                          0x08009aa1   Thumb Code     6  stm32f10x_tim.o(.text)
    TIM_SetClockDivision                     0x08009aa7   Thumb Code    18  stm32f10x_tim.o(.text)
    TIM_GetCapture1                          0x08009ab9   Thumb Code     6  stm32f10x_tim.o(.text)
    TIM_GetCapture2                          0x08009abf   Thumb Code     6  stm32f10x_tim.o(.text)
    TIM_GetCapture3                          0x08009ac5   Thumb Code     6  stm32f10x_tim.o(.text)
    TIM_GetCapture4                          0x08009acb   Thumb Code     8  stm32f10x_tim.o(.text)
    TIM_GetCounter                           0x08009ad3   Thumb Code     6  stm32f10x_tim.o(.text)
    TIM_GetPrescaler                         0x08009ad9   Thumb Code     6  stm32f10x_tim.o(.text)
    TIM_GetFlagStatus                        0x08009adf   Thumb Code    18  stm32f10x_tim.o(.text)
    TIM_ClearFlag                            0x08009af1   Thumb Code     6  stm32f10x_tim.o(.text)
    TIM_GetITStatus                          0x08009af7   Thumb Code    34  stm32f10x_tim.o(.text)
    TIM_ClearITPendingBit                    0x08009b19   Thumb Code     6  stm32f10x_tim.o(.text)
    DMA_DeInit                               0x08009b21   Thumb Code   324  stm32f10x_dma.o(.text)
    DMA_Init                                 0x08009c65   Thumb Code    60  stm32f10x_dma.o(.text)
    DMA_StructInit                           0x08009ca1   Thumb Code    26  stm32f10x_dma.o(.text)
    DMA_Cmd                                  0x08009cbb   Thumb Code    24  stm32f10x_dma.o(.text)
    DMA_ITConfig                             0x08009cd3   Thumb Code    18  stm32f10x_dma.o(.text)
    DMA_SetCurrDataCounter                   0x08009ce5   Thumb Code     4  stm32f10x_dma.o(.text)
    DMA_GetCurrDataCounter                   0x08009ce9   Thumb Code     8  stm32f10x_dma.o(.text)
    DMA_GetFlagStatus                        0x08009cf1   Thumb Code    40  stm32f10x_dma.o(.text)
    DMA_ClearFlag                            0x08009d19   Thumb Code    22  stm32f10x_dma.o(.text)
    DMA_GetITStatus                          0x08009d2f   Thumb Code    40  stm32f10x_dma.o(.text)
    DMA_ClearITPendingBit                    0x08009d57   Thumb Code    22  stm32f10x_dma.o(.text)
    SDIO_DeInit                              0x08009d75   Thumb Code    28  stm32f10x_sdio.o(.text)
    SDIO_Init                                0x08009d91   Thumb Code    42  stm32f10x_sdio.o(.text)
    SDIO_StructInit                          0x08009dbb   Thumb Code    16  stm32f10x_sdio.o(.text)
    SDIO_ClockCmd                            0x08009dcb   Thumb Code     6  stm32f10x_sdio.o(.text)
    SDIO_SetPowerState                       0x08009dd1   Thumb Code    22  stm32f10x_sdio.o(.text)
    SDIO_GetPowerState                       0x08009de7   Thumb Code    10  stm32f10x_sdio.o(.text)
    SDIO_ITConfig                            0x08009df1   Thumb Code    26  stm32f10x_sdio.o(.text)
    SDIO_DMACmd                              0x08009e0b   Thumb Code     6  stm32f10x_sdio.o(.text)
    SDIO_SendCommand                         0x08009e11   Thumb Code    38  stm32f10x_sdio.o(.text)
    SDIO_CmdStructInit                       0x08009e37   Thumb Code    14  stm32f10x_sdio.o(.text)
    SDIO_GetCommandResponse                  0x08009e45   Thumb Code     8  stm32f10x_sdio.o(.text)
    SDIO_GetResponse                         0x08009e4d   Thumb Code    22  stm32f10x_sdio.o(.text)
    SDIO_DataConfig                          0x08009e63   Thumb Code    42  stm32f10x_sdio.o(.text)
    SDIO_DataStructInit                      0x08009e8d   Thumb Code    20  stm32f10x_sdio.o(.text)
    SDIO_GetDataCounter                      0x08009ea1   Thumb Code     6  stm32f10x_sdio.o(.text)
    SDIO_ReadData                            0x08009ea7   Thumb Code     8  stm32f10x_sdio.o(.text)
    SDIO_WriteData                           0x08009eaf   Thumb Code     8  stm32f10x_sdio.o(.text)
    SDIO_GetFIFOCount                        0x08009eb7   Thumb Code     6  stm32f10x_sdio.o(.text)
    SDIO_StartSDIOReadWait                   0x08009ebd   Thumb Code     8  stm32f10x_sdio.o(.text)
    SDIO_StopSDIOReadWait                    0x08009ec5   Thumb Code     8  stm32f10x_sdio.o(.text)
    SDIO_SetSDIOReadWaitMode                 0x08009ecd   Thumb Code     8  stm32f10x_sdio.o(.text)
    SDIO_SetSDIOOperation                    0x08009ed5   Thumb Code     8  stm32f10x_sdio.o(.text)
    SDIO_SendSDIOSuspendCmd                  0x08009edd   Thumb Code     6  stm32f10x_sdio.o(.text)
    SDIO_CommandCompletionCmd                0x08009ee3   Thumb Code     8  stm32f10x_sdio.o(.text)
    SDIO_CEATAITCmd                          0x08009eeb   Thumb Code    12  stm32f10x_sdio.o(.text)
    SDIO_SendCEATACmd                        0x08009ef7   Thumb Code     8  stm32f10x_sdio.o(.text)
    SDIO_GetFlagStatus                       0x08009eff   Thumb Code    20  stm32f10x_sdio.o(.text)
    SDIO_ClearFlag                           0x08009f13   Thumb Code     6  stm32f10x_sdio.o(.text)
    SDIO_GetITStatus                         0x08009f19   Thumb Code    20  stm32f10x_sdio.o(.text)
    SDIO_ClearITPendingBit                   0x08009f2d   Thumb Code     6  stm32f10x_sdio.o(.text)
    mymemcpy                                 0x08009f49   Thumb Code    26  malloc.o(.text)
    mymemset                                 0x08009f63   Thumb Code    20  malloc.o(.text)
    my_mem_init                              0x08009f77   Thumb Code    54  malloc.o(.text)
    my_mem_perused                           0x08009fad   Thumb Code    54  malloc.o(.text)
    my_mem_malloc                            0x08009fe3   Thumb Code   154  malloc.o(.text)
    my_mem_free                              0x0800a07d   Thumb Code    94  malloc.o(.text)
    myfree                                   0x0800a0db   Thumb Code    32  malloc.o(.text)
    mymalloc                                 0x0800a0fb   Thumb Code    36  malloc.o(.text)
    myrealloc                                0x0800a11f   Thumb Code    68  malloc.o(.text)
    disk_status                              0x0800a175   Thumb Code     6  diskio.o(.text)
    disk_initialize                          0x0800a17b   Thumb Code    52  diskio.o(.text)
    disk_read                                0x0800a1af   Thumb Code   122  diskio.o(.text)
    disk_write                               0x0800a229   Thumb Code   122  diskio.o(.text)
    disk_ioctl                               0x0800a2a3   Thumb Code   170  diskio.o(.text)
    get_fattime                              0x0800a34d   Thumb Code     4  diskio.o(.text)
    ff_memalloc                              0x0800a351   Thumb Code    14  diskio.o(.text)
    ff_memfree                               0x0800a35f   Thumb Code    14  diskio.o(.text)
    clust2sect                               0x0800a52b   Thumb Code    26  ff.o(.text)
    get_fat                                  0x0800a545   Thumb Code   242  ff.o(.text)
    put_fat                                  0x0800a637   Thumb Code   322  ff.o(.text)
    dir_sdi                                  0x0800a8ed   Thumb Code   158  ff.o(.text)
    f_mount                                  0x0800b977   Thumb Code    86  ff.o(.text)
    f_open                                   0x0800b9cd   Thumb Code   384  ff.o(.text)
    f_read                                   0x0800bb4d   Thumb Code   450  ff.o(.text)
    f_write                                  0x0800bd0f   Thumb Code   490  ff.o(.text)
    f_sync                                   0x0800bef9   Thumb Code   176  ff.o(.text)
    f_close                                  0x0800bfa9   Thumb Code    32  ff.o(.text)
    f_lseek                                  0x0800bfc9   Thumb Code   684  ff.o(.text)
    f_opendir                                0x0800c275   Thumb Code   136  ff.o(.text)
    f_closedir                               0x0800c2fd   Thumb Code    22  ff.o(.text)
    f_readdir                                0x0800c313   Thumb Code   114  ff.o(.text)
    f_stat                                   0x0800c385   Thumb Code    84  ff.o(.text)
    f_getfree                                0x0800c3d9   Thumb Code   258  ff.o(.text)
    f_truncate                               0x0800c4db   Thumb Code   184  ff.o(.text)
    f_unlink                                 0x0800c593   Thumb Code   190  ff.o(.text)
    f_mkdir                                  0x0800c651   Thumb Code   380  ff.o(.text)
    f_chmod                                  0x0800c7cd   Thumb Code   112  ff.o(.text)
    f_rename                                 0x0800c83d   Thumb Code   290  ff.o(.text)
    f_utime                                  0x0800c95f   Thumb Code   110  ff.o(.text)
    f_getlabel                               0x0800c9cd   Thumb Code   190  ff.o(.text)
    f_setlabel                               0x0800ca8b   Thumb Code   482  ff.o(.text)
    f_mkfs                                   0x0800cc6d   Thumb Code  1578  ff.o(.text)
    f_gets                                   0x0800d297   Thumb Code    82  ff.o(.text)
    f_putc                                   0x0800d32d   Thumb Code    64  ff.o(.text)
    f_puts                                   0x0800d36d   Thumb Code    74  ff.o(.text)
    f_printf                                 0x0800d3b7   Thumb Code   674  ff.o(.text)
    exfuns_init                              0x0800d659   Thumb Code   114  exfuns.o(.text)
    char_upper                               0x0800d6cb   Thumb Code    26  exfuns.o(.text)
    f_typetell                               0x0800d6e5   Thumb Code   188  exfuns.o(.text)
    exf_getfree                              0x0800d7a1   Thumb Code    74  exfuns.o(.text)
    mf_mount                                 0x0800d801   Thumb Code    20  fattester.o(.text)
    mf_open                                  0x0800d815   Thumb Code    24  fattester.o(.text)
    mf_close                                 0x0800d82d   Thumb Code    14  fattester.o(.text)
    mf_read                                  0x0800d83b   Thumb Code   224  fattester.o(.text)
    mf_write                                 0x0800d91b   Thumb Code    68  fattester.o(.text)
    mf_opendir                               0x0800d95f   Thumb Code    14  fattester.o(.text)
    mf_closedir                              0x0800d96d   Thumb Code    10  fattester.o(.text)
    mf_readdir                               0x0800d977   Thumb Code   204  fattester.o(.text)
    mf_scan_files                            0x0800da43   Thumb Code   120  fattester.o(.text)
    mf_showfree                              0x0800dabb   Thumb Code    88  fattester.o(.text)
    mf_lseek                                 0x0800db13   Thumb Code    16  fattester.o(.text)
    mf_tell                                  0x0800db23   Thumb Code     8  fattester.o(.text)
    mf_size                                  0x0800db2b   Thumb Code     8  fattester.o(.text)
    mf_mkdir                                 0x0800db33   Thumb Code    12  fattester.o(.text)
    mf_fmkfs                                 0x0800db3f   Thumb Code    20  fattester.o(.text)
    mf_unlink                                0x0800db53   Thumb Code    12  fattester.o(.text)
    mf_rename                                0x0800db5f   Thumb Code    16  fattester.o(.text)
    mf_getlabel                              0x0800db6f   Thumb Code    58  fattester.o(.text)
    mf_setlabel                              0x0800dba9   Thumb Code    34  fattester.o(.text)
    mf_gets                                  0x0800dbcb   Thumb Code   698  fattester.o(.text)
    mf_putc                                  0x0800de85   Thumb Code    18  fattester.o(.text)
    mf_puts                                  0x0800de97   Thumb Code    18  fattester.o(.text)
    ff_convert                               0x0800dec9   Thumb Code   146  mycc936.o(.text)
    ff_wtoupper                              0x0800df5b   Thumb Code    46  mycc936.o(.text)
    usmart_sys_cmd_exe                       0x0800df95   Thumb Code  1554  usmart.o(.text)
    usmart_reset_runtime                     0x0800e5a7   Thumb Code    38  usmart.o(.text)
    usmart_get_runtime                       0x0800e5cd   Thumb Code    60  usmart.o(.text)
    TIM4_IRQHandler                          0x0800e609   Thumb Code    46  usmart.o(.text)
    Timer4_Init                              0x0800e637   Thumb Code    88  usmart.o(.text)
    usmart_init                              0x0800e68f   Thumb Code    36  usmart.o(.text)
    usmart_cmd_rec                           0x0800e6b3   Thumb Code   170  usmart.o(.text)
    usmart_exe                               0x0800e75d   Thumb Code   870  usmart.o(.text)
    usmart_scan                              0x0800eac3   Thumb Code   120  usmart.o(.text)
    read_addr                                0x0800eb3b   Thumb Code     6  usmart.o(.text)
    write_addr                               0x0800eb41   Thumb Code     4  usmart.o(.text)
    usmart_strcmp                            0x0800ebcd   Thumb Code    34  usmart_str.o(.text)
    usmart_strcopy                           0x0800ebef   Thumb Code    22  usmart_str.o(.text)
    usmart_strlen                            0x0800ec05   Thumb Code    24  usmart_str.o(.text)
    usmart_pow                               0x0800ec1d   Thumb Code    22  usmart_str.o(.text)
    usmart_str2num                           0x0800ec33   Thumb Code   202  usmart_str.o(.text)
    usmart_get_cmdname                       0x0800ecfd   Thumb Code    54  usmart_str.o(.text)
    usmart_search_nextc                      0x0800ed33   Thumb Code    22  usmart_str.o(.text)
    usmart_get_fname                         0x0800ed49   Thumb Code   440  usmart_str.o(.text)
    usmart_get_aparm                         0x0800ef01   Thumb Code   200  usmart_str.o(.text)
    usmart_get_parmpos                       0x0800efc9   Thumb Code    26  usmart_str.o(.text)
    usmart_get_fparam                        0x0800efe3   Thumb Code   262  usmart_str.o(.text)
    fupd_prog                                0x0800f0f5   Thumb Code   134  fontupd.o(.text)
    updata_fontx                             0x0800f17b   Thumb Code   346  fontupd.o(.text)
    update_font                              0x0800f2d5   Thumb Code   882  fontupd.o(.text)
    font_init                                0x0800f647   Thumb Code    64  fontupd.o(.text)
    Get_HzMat                                0x0800f6c5   Thumb Code   220  text.o(.text)
    Show_Font                                0x0800f7a1   Thumb Code   190  text.o(.text)
    Show_Str                                 0x0800f85f   Thumb Code   192  text.o(.text)
    Show_Str_Mid                             0x0800f91f   Thumb Code   106  text.o(.text)
    stdbmp_decode                            0x0800f999   Thumb Code   712  bmp.o(.text)
    minibmp_decode                           0x0800fc61   Thumb Code   976  bmp.o(.text)
    bmp_encode                               0x08010031   Thumb Code   500  bmp.o(.text)
    gif_check_head                           0x08010225   Thumb Code    88  gif.o(.text)
    gif_getrgb565                            0x0801027d   Thumb Code    28  gif.o(.text)
    gif_readcolortbl                         0x08010299   Thumb Code    64  gif.o(.text)
    gif_getinfo                              0x080102d9   Thumb Code    70  gif.o(.text)
    gif_savegctbl                            0x0801031f   Thumb Code    38  gif.o(.text)
    gif_recovergctbl                         0x08010345   Thumb Code    38  gif.o(.text)
    gif_initlzw                              0x0801036b   Thumb Code   152  gif.o(.text)
    gif_getdatablock                         0x08010403   Thumb Code    96  gif.o(.text)
    gif_readextension                        0x08010463   Thumb Code   160  gif.o(.text)
    gif_getnextcode                          0x08010503   Thumb Code   452  gif.o(.text)
    gif_getnextbyte                          0x080106c7   Thumb Code   856  gif.o(.text)
    gif_dispimage                            0x08010a1f   Thumb Code   544  gif.o(.text)
    gif_clear2bkcolor                        0x08010c3f   Thumb Code   496  gif.o(.text)
    gif_drawimage                            0x08010e2f   Thumb Code   352  gif.o(.text)
    gif_quit                                 0x08010f8f   Thumb Code     8  gif.o(.text)
    gif_decode                               0x08010f97   Thumb Code   296  gif.o(.text)
    piclib_draw_hline                        0x080110c5   Thumb Code    52  piclib.o(.text)
    piclib_fill_color                        0x080110f9   Thumb Code    44  piclib.o(.text)
    piclib_init                              0x08011125   Thumb Code    62  piclib.o(.text)
    piclib_alpha_blend                       0x08011163   Thumb Code    42  piclib.o(.text)
    ai_draw_init                             0x0801118d   Thumb Code   264  piclib.o(.text)
    is_element_ok                            0x08011295   Thumb Code    36  piclib.o(.text)
    ai_load_picfile                          0x080112b9   Thumb Code   194  piclib.o(.text)
    pic_memalloc                             0x0801137b   Thumb Code    14  piclib.o(.text)
    pic_memfree                              0x08011389   Thumb Code    14  piclib.o(.text)
    jd_prepare                               0x08011f55   Thumb Code   924  tjpgd.o(.text)
    jd_decomp                                0x080122f1   Thumb Code   162  tjpgd.o(.text)
    jpeg_mallocall                           0x08012393   Thumb Code    70  tjpgd.o(.text)
    jpeg_freeall                             0x080123d9   Thumb Code    28  tjpgd.o(.text)
    jpeg_in_func                             0x080123f5   Thumb Code    48  tjpgd.o(.text)
    jpeg_out_func_fill                       0x08012425   Thumb Code    74  tjpgd.o(.text)
    jpeg_out_func_point                      0x0801246f   Thumb Code   182  tjpgd.o(.text)
    jpg_decode                               0x08012525   Thumb Code   234  tjpgd.o(.text)
    __use_no_semihosting                     0x08012625   Thumb Code     2  use_no_semi_2.o(.text)
    __aeabi_ldivmod                          0x08012627   Thumb Code     0  llsdiv.o(.text)
    _ll_sdiv                                 0x08012627   Thumb Code    72  llsdiv.o(.text)
    __2printf                                0x08012671   Thumb Code    20  noretval__2printf.o(.text)
    _printf_pre_padding                      0x08012689   Thumb Code    44  _printf_pad.o(.text)
    _printf_post_padding                     0x080126b5   Thumb Code    34  _printf_pad.o(.text)
    _printf_str                              0x080126d7   Thumb Code    82  _printf_str.o(.text)
    _printf_int_dec                          0x08012729   Thumb Code   104  _printf_dec.o(.text)
    _printf_int_hex                          0x080127a1   Thumb Code    84  _printf_hex_int.o(.text)
    _printf_longlong_hex                     0x080127a1   Thumb Code     0  _printf_hex_int.o(.text)
    __printf                                 0x080127f9   Thumb Code   388  __printf_flags_ss_wp.o(.text)
    strcpy                                   0x08012981   Thumb Code    72  strcpy.o(.text)
    strlen                                   0x080129c9   Thumb Code    62  strlen.o(.text)
    strcat                                   0x08012a07   Thumb Code    24  strcat.o(.text)
    __aeabi_memcpy                           0x08012a1f   Thumb Code     0  rt_memcpy_v6.o(.text)
    __rt_memcpy                              0x08012a1f   Thumb Code   138  rt_memcpy_v6.o(.text)
    _memcpy_lastbytes                        0x08012a85   Thumb Code     0  rt_memcpy_v6.o(.text)
    strcmp                                   0x08012aa9   Thumb Code   128  strcmpv7m.o(.text)
    __use_two_region_memory                  0x08012b29   Thumb Code     2  heapauxi.o(.text)
    __rt_heap_escrow$2region                 0x08012b2b   Thumb Code     2  heapauxi.o(.text)
    __rt_heap_expand$2region                 0x08012b2d   Thumb Code     2  heapauxi.o(.text)
    __I$use$semihosting                      0x08012b2f   Thumb Code     0  use_no_semi.o(.text)
    __use_no_semihosting_swi                 0x08012b2f   Thumb Code     2  use_no_semi.o(.text)
    __aeabi_uldivmod                         0x08012b31   Thumb Code     0  lludivv7m.o(.text)
    _ll_udiv                                 0x08012b31   Thumb Code   238  lludivv7m.o(.text)
    _printf_int_common                       0x08012c1f   Thumb Code   178  _printf_intcommon.o(.text)
    _printf_cs_common                        0x08012cd1   Thumb Code    20  _printf_char.o(.text)
    _printf_char                             0x08012ce5   Thumb Code    16  _printf_char.o(.text)
    _printf_string                           0x08012cf5   Thumb Code     8  _printf_char.o(.text)
    _printf_char_file                        0x08012cfd   Thumb Code    32  _printf_char_file.o(.text)
    __aeabi_memcpy4                          0x08012d21   Thumb Code     0  rt_memcpy_w.o(.text)
    __aeabi_memcpy8                          0x08012d21   Thumb Code     0  rt_memcpy_w.o(.text)
    __rt_memcpy_w                            0x08012d21   Thumb Code   100  rt_memcpy_w.o(.text)
    _memcpy_lastbytes_aligned                0x08012d69   Thumb Code     0  rt_memcpy_w.o(.text)
    _printf_char_common                      0x08012d8f   Thumb Code    32  _printf_char_common.o(.text)
    ferror                                   0x08012db5   Thumb Code     8  ferror.o(.text)
    __user_setup_stackheap                   0x08012dbd   Thumb Code    74  sys_stackheap_outer.o(.text)
    exit                                     0x08012e07   Thumb Code    18  exit.o(.text)
    __user_libspace                          0x08012e19   Thumb Code     8  libspace.o(.text)
    __user_perproc_libspace                  0x08012e19   Thumb Code     0  libspace.o(.text)
    __user_perthread_libspace                0x08012e19   Thumb Code     0  libspace.o(.text)
    _is_digit                                0x08012e21   Thumb Code    14  __printf_wp.o(i._is_digit)
    __aeabi_d2uiz                            0x08012e31   Thumb Code     0  dfixu.o(x$fpl$dfixu)
    _dfixu                                   0x08012e31   Thumb Code    90  dfixu.o(x$fpl$dfixu)
    __aeabi_ui2d                             0x08012e8b   Thumb Code     0  dflt_clz.o(x$fpl$dfltu)
    _dfltu                                   0x08012e8b   Thumb Code    38  dflt_clz.o(x$fpl$dfltu)
    __aeabi_dmul                             0x08012eb1   Thumb Code     0  dmul.o(x$fpl$dmul)
    _dmul                                    0x08012eb1   Thumb Code   332  dmul.o(x$fpl$dmul)
    __fpl_dnaninf                            0x08013005   Thumb Code   156  dnaninf.o(x$fpl$dnaninf)
    __fpl_dretinf                            0x080130a1   Thumb Code    12  dretinf.o(x$fpl$dretinf)
    __aeabi_fadd                             0x080130ad   Thumb Code     0  faddsub_clz.o(x$fpl$fadd)
    _fadd                                    0x080130ad   Thumb Code   196  faddsub_clz.o(x$fpl$fadd)
    __fpl_fcmp_Inf                           0x08013171   Thumb Code    24  fcmpi.o(x$fpl$fcmpinf)
    __aeabi_fdiv                             0x08013189   Thumb Code     0  fdiv.o(x$fpl$fdiv)
    _fdiv                                    0x08013189   Thumb Code   384  fdiv.o(x$fpl$fdiv)
    __aeabi_cfcmpeq                          0x0801330d   Thumb Code     0  feqf.o(x$fpl$feqf)
    _fcmpeq                                  0x0801330d   Thumb Code   104  feqf.o(x$fpl$feqf)
    __aeabi_f2uiz                            0x08013375   Thumb Code     0  ffixu.o(x$fpl$ffixu)
    _ffixu                                   0x08013375   Thumb Code    62  ffixu.o(x$fpl$ffixu)
    __aeabi_ui2f                             0x080133b5   Thumb Code     0  fflt_clz.o(x$fpl$ffltu)
    _ffltu                                   0x080133b5   Thumb Code    38  fflt_clz.o(x$fpl$ffltu)
    __aeabi_cfcmple                          0x080133dd   Thumb Code     0  fleqf.o(x$fpl$fleqf)
    _fcmple                                  0x080133dd   Thumb Code   104  fleqf.o(x$fpl$fleqf)
    __fpl_fcmple_InfNaN                      0x0801342f   Thumb Code     0  fleqf.o(x$fpl$fleqf)
    __aeabi_fmul                             0x08013445   Thumb Code     0  fmul.o(x$fpl$fmul)
    _fmul                                    0x08013445   Thumb Code   258  fmul.o(x$fpl$fmul)
    __fpl_fnaninf                            0x08013547   Thumb Code   140  fnaninf.o(x$fpl$fnaninf)
    __fpl_fretinf                            0x080135d3   Thumb Code    10  fretinf.o(x$fpl$fretinf)
    __aeabi_cfrcmple                         0x080135dd   Thumb Code     0  frleqf.o(x$fpl$frleqf)
    _frcmple                                 0x080135dd   Thumb Code    98  frleqf.o(x$fpl$frleqf)
    __aeabi_fsub                             0x08013641   Thumb Code     0  faddsub_clz.o(x$fpl$fsub)
    _fsub                                    0x08013641   Thumb Code   234  faddsub_clz.o(x$fpl$fsub)
    __I$use$fp                               0x0801372a   Number         0  usenofp.o(x$fpl$usenofp)
    asc2_1206                                0x0801372a   Data        1140  lcd.o(.constdata)
    asc2_1608                                0x08013b9e   Data        1520  lcd.o(.constdata)
    asc2_2412                                0x0801418e   Data        3420  lcd.o(.constdata)
    memtblsize                               0x08014eec   Data           8  malloc.o(.constdata)
    memblksize                               0x08014ef4   Data           8  malloc.o(.constdata)
    memsize                                  0x08014efc   Data           8  malloc.o(.constdata)
    FILE_TYPE_TBL                            0x08014f40   Data         312  exfuns.o(.constdata)
    GBK24_PATH                               0x08015438   Data           4  fontupd.o(.constdata)
    GBK16_PATH                               0x0801543c   Data           4  fontupd.o(.constdata)
    GBK12_PATH                               0x08015440   Data           4  fontupd.o(.constdata)
    UNIGBK_PATH                              0x08015444   Data           4  fontupd.o(.constdata)
    _aMaskTbl                                0x08015448   Data          32  gif.o(.constdata)
    _aInterlaceOffset                        0x08015468   Data           4  gif.o(.constdata)
    _aInterlaceYPos                          0x0801546c   Data           4  gif.o(.constdata)
    Region$$Table$$Base                      0x08015b50   Number         0  anon$$obj.o(Region$$Table)
    Region$$Table$$Limit                     0x08015b70   Number         0  anon$$obj.o(Region$$Table)
    SystemCoreClock                          0x20000000   Data           4  system_stm32f10x.o(.data)
    AHBPrescTable                            0x20000004   Data          16  system_stm32f10x.o(.data)
    POINT_COLOR                              0x20000016   Data           2  lcd.o(.data)
    BACK_COLOR                               0x20000018   Data           2  lcd.o(.data)
    W25QXX_TYPE                              0x2000001a   Data           2  w25qxx.o(.data)
    TransferError                            0x20000026   Data           1  sdio_sdcard.o(.data)
    TransferEnd                              0x20000027   Data           1  sdio_sdcard.o(.data)
    tempbuff                                 0x20000028   Data           4  sdio_sdcard.o(.data)
    __stdout                                 0x20000030   Data           4  usart.o(.data)
    USART_RX_STA                             0x20000034   Data           2  usart.o(.data)
    mallco_dev                               0x2000004c   Data          28  malloc.o(.data)
    FLASH_SECTOR_COUNT                       0x20000068   Data           2  diskio.o(.data)
    fs                                       0x20000078   Data           8  exfuns.o(.data)
    file                                     0x20000080   Data           4  exfuns.o(.data)
    ftemp                                    0x20000084   Data           4  exfuns.o(.data)
    br                                       0x20000088   Data           4  exfuns.o(.data)
    bw                                       0x2000008c   Data           4  exfuns.o(.data)
    fatbuf                                   0x20000090   Data           4  exfuns.o(.data)
    sys_cmd_tab                              0x20000094   Data          28  usmart.o(.data)
    usmart_nametab                           0x200000b0   Data          40  usmart_config.o(.data)
    usmart_dev                               0x200000d8   Data         244  usmart_config.o(.data)
    gifdecoding                              0x200001cc   Data           1  gif.o(.data)
    f_jpeg                                   0x200001d0   Data           4  tjpgd.o(.data)
    jpeg_dev                                 0x200001d4   Data           4  tjpgd.o(.data)
    jpg_buffer                               0x200001d8   Data           4  tjpgd.o(.data)
    lcddev                                   0x200001dc   Data          14  lcd.o(.bss)
    W25QXX_BUFFER                            0x200001ea   Data        4096  w25qxx.o(.bss)
    SDIO_InitStructure                       0x200011f0   Data          24  sdio_sdcard.o(.bss)
    SDIO_CmdInitStructure                    0x20001208   Data          20  sdio_sdcard.o(.bss)
    SDIO_DataInitStructure                   0x2000121c   Data          24  sdio_sdcard.o(.bss)
    SDCardInfo                               0x20001258   Data          88  sdio_sdcard.o(.bss)
    SDIO_DATA_BUFFER                         0x200012b0   Data         512  sdio_sdcard.o(.bss)
    USART_RX_BUF                             0x200014b0   Data         200  usart.o(.bss)
    mem1base                                 0x20001580   Data       40960  malloc.o(.bss)
    mem1mapbase                              0x2000b580   Data        2560  malloc.o(.bss)
    fileinfo                                 0x2000bf80   Data          32  exfuns.o(.bss)
    dir                                      0x2000bfa0   Data          36  exfuns.o(.bss)
    ftinfo                                   0x2000bfc4   Data          33  fontupd.o(.bss)
    picinfo                                  0x2000bfe8   Data          40  piclib.o(.bss)
    pic_phy                                  0x2000c010   Data          20  piclib.o(.bss)
    __libspace_start                         0x2000c024   Data          96  libspace.o(.bss)
    __temporary_stack_top$libspace           0x2000c084   Data           0  libspace.o(.bss)
    mem2base                                 0x68000000   Data       983040  malloc.o(.ARM.__AT_0x68000000)
    mem2mapbase                              0x680f0000   Data       61440  malloc.o(.ARM.__AT_0x680F0000)



==============================================================================

Memory Map of the image

  Image Entry point : 0x08000131

  Load Region LR_IROM1 (Base: 0x08000000, Size: 0x00015d4c, Max: 0x00080000, ABSOLUTE, COMPRESSED[0x00015bfc])

    Execution Region ER_IROM1 (Base: 0x08000000, Size: 0x00015b70, Max: 0x00080000, ABSOLUTE)

    Base Addr    Size         Type   Attr      Idx    E Section Name        Object

    0x08000000   0x00000130   Data   RO          454    RESET               startup_stm32f10x_hd.o
    0x08000130   0x00000008   Code   RO          918  * !!!main             c_w.l(__main.o)
    0x08000138   0x00000034   Code   RO         1155    !!!scatter          c_w.l(__scatter.o)
    0x0800016c   0x0000005a   Code   RO         1153    !!dczerorl2         c_w.l(__dczerorl2.o)
    0x080001c6   0x00000002   PAD
    0x080001c8   0x0000001c   Code   RO         1157    !!handler_zi        c_w.l(__scatter_zi.o)
    0x080001e4   0x00000000   Code   RO          905    .ARM.Collect$$_printf_percent$$00000000  c_w.l(_printf_percent.o)
    0x080001e4   0x00000006   Code   RO          903    .ARM.Collect$$_printf_percent$$00000009  c_w.l(_printf_d.o)
    0x080001ea   0x00000006   Code   RO          904    .ARM.Collect$$_printf_percent$$0000000A  c_w.l(_printf_u.o)
    0x080001f0   0x00000006   Code   RO          902    .ARM.Collect$$_printf_percent$$0000000C  c_w.l(_printf_x.o)
    0x080001f6   0x00000006   Code   RO          900    .ARM.Collect$$_printf_percent$$00000013  c_w.l(_printf_c.o)
    0x080001fc   0x00000006   Code   RO          901    .ARM.Collect$$_printf_percent$$00000014  c_w.l(_printf_s.o)
    0x08000202   0x00000004   Code   RO          971    .ARM.Collect$$_printf_percent$$00000017  c_w.l(_printf_percent_end.o)
    0x08000206   0x00000002   Code   RO         1023    .ARM.Collect$$libinit$$00000000  c_w.l(libinit.o)
    0x08000208   0x00000000   Code   RO         1034    .ARM.Collect$$libinit$$00000002  c_w.l(libinit2.o)
    0x08000208   0x00000000   Code   RO         1036    .ARM.Collect$$libinit$$00000004  c_w.l(libinit2.o)
    0x08000208   0x00000000   Code   RO         1039    .ARM.Collect$$libinit$$0000000A  c_w.l(libinit2.o)
    0x08000208   0x00000000   Code   RO         1041    .ARM.Collect$$libinit$$0000000C  c_w.l(libinit2.o)
    0x08000208   0x00000000   Code   RO         1043    .ARM.Collect$$libinit$$0000000E  c_w.l(libinit2.o)
    0x08000208   0x00000000   Code   RO         1046    .ARM.Collect$$libinit$$00000011  c_w.l(libinit2.o)
    0x08000208   0x00000000   Code   RO         1048    .ARM.Collect$$libinit$$00000013  c_w.l(libinit2.o)
    0x08000208   0x00000000   Code   RO         1050    .ARM.Collect$$libinit$$00000015  c_w.l(libinit2.o)
    0x08000208   0x00000000   Code   RO         1052    .ARM.Collect$$libinit$$00000017  c_w.l(libinit2.o)
    0x08000208   0x00000000   Code   RO         1054    .ARM.Collect$$libinit$$00000019  c_w.l(libinit2.o)
    0x08000208   0x00000000   Code   RO         1056    .ARM.Collect$$libinit$$0000001B  c_w.l(libinit2.o)
    0x08000208   0x00000000   Code   RO         1058    .ARM.Collect$$libinit$$0000001D  c_w.l(libinit2.o)
    0x08000208   0x00000000   Code   RO         1060    .ARM.Collect$$libinit$$0000001F  c_w.l(libinit2.o)
    0x08000208   0x00000000   Code   RO         1062    .ARM.Collect$$libinit$$00000021  c_w.l(libinit2.o)
    0x08000208   0x00000000   Code   RO         1064    .ARM.Collect$$libinit$$00000023  c_w.l(libinit2.o)
    0x08000208   0x00000000   Code   RO         1066    .ARM.Collect$$libinit$$00000025  c_w.l(libinit2.o)
    0x08000208   0x00000000   Code   RO         1070    .ARM.Collect$$libinit$$0000002C  c_w.l(libinit2.o)
    0x08000208   0x00000000   Code   RO         1072    .ARM.Collect$$libinit$$0000002E  c_w.l(libinit2.o)
    0x08000208   0x00000000   Code   RO         1074    .ARM.Collect$$libinit$$00000030  c_w.l(libinit2.o)
    0x08000208   0x00000000   Code   RO         1076    .ARM.Collect$$libinit$$00000032  c_w.l(libinit2.o)
    0x08000208   0x00000002   Code   RO         1077    .ARM.Collect$$libinit$$00000033  c_w.l(libinit2.o)
    0x0800020a   0x00000002   Code   RO         1105    .ARM.Collect$$libshutdown$$00000000  c_w.l(libshutdown.o)
    0x0800020c   0x00000000   Code   RO         1119    .ARM.Collect$$libshutdown$$00000002  c_w.l(libshutdown2.o)
    0x0800020c   0x00000000   Code   RO         1121    .ARM.Collect$$libshutdown$$00000004  c_w.l(libshutdown2.o)
    0x0800020c   0x00000000   Code   RO         1124    .ARM.Collect$$libshutdown$$00000007  c_w.l(libshutdown2.o)
    0x0800020c   0x00000000   Code   RO         1127    .ARM.Collect$$libshutdown$$0000000A  c_w.l(libshutdown2.o)
    0x0800020c   0x00000000   Code   RO         1129    .ARM.Collect$$libshutdown$$0000000C  c_w.l(libshutdown2.o)
    0x0800020c   0x00000000   Code   RO         1132    .ARM.Collect$$libshutdown$$0000000F  c_w.l(libshutdown2.o)
    0x0800020c   0x00000002   Code   RO         1133    .ARM.Collect$$libshutdown$$00000010  c_w.l(libshutdown2.o)
    0x0800020e   0x00000000   Code   RO          962    .ARM.Collect$$rtentry$$00000000  c_w.l(__rtentry.o)
    0x0800020e   0x00000000   Code   RO          986    .ARM.Collect$$rtentry$$00000002  c_w.l(__rtentry2.o)
    0x0800020e   0x00000006   Code   RO          998    .ARM.Collect$$rtentry$$00000004  c_w.l(__rtentry4.o)
    0x08000214   0x00000000   Code   RO          988    .ARM.Collect$$rtentry$$00000009  c_w.l(__rtentry2.o)
    0x08000214   0x00000004   Code   RO          989    .ARM.Collect$$rtentry$$0000000A  c_w.l(__rtentry2.o)
    0x08000218   0x00000000   Code   RO          991    .ARM.Collect$$rtentry$$0000000C  c_w.l(__rtentry2.o)
    0x08000218   0x00000008   Code   RO          992    .ARM.Collect$$rtentry$$0000000D  c_w.l(__rtentry2.o)
    0x08000220   0x00000002   Code   RO         1027    .ARM.Collect$$rtexit$$00000000  c_w.l(rtexit.o)
    0x08000222   0x00000000   Code   RO         1079    .ARM.Collect$$rtexit$$00000002  c_w.l(rtexit2.o)
    0x08000222   0x00000004   Code   RO         1080    .ARM.Collect$$rtexit$$00000003  c_w.l(rtexit2.o)
    0x08000226   0x00000006   Code   RO         1081    .ARM.Collect$$rtexit$$00000004  c_w.l(rtexit2.o)
    0x0800022c   0x0000053c   Code   RO            1    .text               main.o
    0x08000768   0x0000001a   Code   RO          195    .text               stm32f10x_it.o
    0x08000782   0x00000002   PAD
    0x08000784   0x000001e0   Code   RO          236    .text               system_stm32f10x.o
    0x08000964   0x0000004c   Code   RO          276    .text               led.o
    0x080009b0   0x000000fc   Code   RO          288    .text               key.o
    0x08000aac   0x00004a68   Code   RO          301    .text               lcd.o
    0x08005514   0x00000108   Code   RO          328    .text               spi.o
    0x0800561c   0x00000368   Code   RO          343    .text               w25qxx.o
    0x08005984   0x00001c30   Code   RO          362    .text               sdio_sdcard.o
    0x080075b4   0x000000c8   Code   RO          388    .text               delay.o
    0x0800767c   0x0000000c   Code   RO          403    .text               sys.o
    0x08007688   0x00000140   Code   RO          419    .text               usart.o
    0x080077c8   0x00000040   Code   RO          455    .text               startup_stm32f10x_hd.o
    0x08007808   0x000000dc   Code   RO          459    .text               misc.o
    0x080078e4   0x0000060c   Code   RO          471    .text               stm32f10x_fsmc.o
    0x08007ef0   0x0000035c   Code   RO          483    .text               stm32f10x_gpio.o
    0x0800824c   0x000003a4   Code   RO          495    .text               stm32f10x_rcc.o
    0x080085f0   0x0000030c   Code   RO          509    .text               stm32f10x_spi.o
    0x080088fc   0x00000408   Code   RO          521    .text               stm32f10x_usart.o
    0x08008d04   0x00000e1a   Code   RO          533    .text               stm32f10x_tim.o
    0x08009b1e   0x00000002   PAD
    0x08009b20   0x00000254   Code   RO          545    .text               stm32f10x_dma.o
    0x08009d74   0x000001d4   Code   RO          557    .text               stm32f10x_sdio.o
    0x08009f48   0x0000022c   Code   RO          569    .text               malloc.o
    0x0800a174   0x00000200   Code   RO          591    .text               diskio.o
    0x0800a374   0x000032e4   Code   RO          609    .text               ff.o
    0x0800d658   0x000001a8   Code   RO          630    .text               exfuns.o
    0x0800d800   0x000006c8   Code   RO          654    .text               fattester.o
    0x0800dec8   0x000000cc   Code   RO          670    .text               mycc936.o
    0x0800df94   0x00000c38   Code   RO          683    .text               usmart.o
    0x0800ebcc   0x00000528   Code   RO          712    .text               usmart_str.o
    0x0800f0f4   0x000005d0   Code   RO          724    .text               fontupd.o
    0x0800f6c4   0x000002d4   Code   RO          748    .text               text.o
    0x0800f998   0x0000088c   Code   RO          760    .text               bmp.o
    0x08010224   0x00000ea0   Code   RO          772    .text               gif.o
    0x080110c4   0x000002f0   Code   RO          791    .text               piclib.o
    0x080113b4   0x00001270   Code   RO          809    .text               tjpgd.o
    0x08012624   0x00000002   Code   RO          843    .text               c_w.l(use_no_semi_2.o)
    0x08012626   0x00000048   Code   RO          845    .text               c_w.l(llsdiv.o)
    0x0801266e   0x00000002   PAD
    0x08012670   0x00000018   Code   RO          849    .text               c_w.l(noretval__2printf.o)
    0x08012688   0x0000004e   Code   RO          853    .text               c_w.l(_printf_pad.o)
    0x080126d6   0x00000052   Code   RO          855    .text               c_w.l(_printf_str.o)
    0x08012728   0x00000078   Code   RO          857    .text               c_w.l(_printf_dec.o)
    0x080127a0   0x00000058   Code   RO          862    .text               c_w.l(_printf_hex_int.o)
    0x080127f8   0x00000188   Code   RO          897    .text               c_w.l(__printf_flags_ss_wp.o)
    0x08012980   0x00000048   Code   RO          906    .text               c_w.l(strcpy.o)
    0x080129c8   0x0000003e   Code   RO          908    .text               c_w.l(strlen.o)
    0x08012a06   0x00000018   Code   RO          910    .text               c_w.l(strcat.o)
    0x08012a1e   0x0000008a   Code   RO          912    .text               c_w.l(rt_memcpy_v6.o)
    0x08012aa8   0x00000080   Code   RO          914    .text               c_w.l(strcmpv7m.o)
    0x08012b28   0x00000006   Code   RO          916    .text               c_w.l(heapauxi.o)
    0x08012b2e   0x00000002   Code   RO          960    .text               c_w.l(use_no_semi.o)
    0x08012b30   0x000000ee   Code   RO          963    .text               c_w.l(lludivv7m.o)
    0x08012c1e   0x000000b2   Code   RO          965    .text               c_w.l(_printf_intcommon.o)
    0x08012cd0   0x0000002c   Code   RO          967    .text               c_w.l(_printf_char.o)
    0x08012cfc   0x00000024   Code   RO          969    .text               c_w.l(_printf_char_file.o)
    0x08012d20   0x00000064   Code   RO          972    .text               c_w.l(rt_memcpy_w.o)
    0x08012d84   0x00000030   Code   RO         1004    .text               c_w.l(_printf_char_common.o)
    0x08012db4   0x00000008   Code   RO         1006    .text               c_w.l(ferror.o)
    0x08012dbc   0x0000004a   Code   RO         1010    .text               c_w.l(sys_stackheap_outer.o)
    0x08012e06   0x00000012   Code   RO         1016    .text               c_w.l(exit.o)
    0x08012e18   0x00000008   Code   RO         1024    .text               c_w.l(libspace.o)
    0x08012e20   0x0000000e   Code   RO          890    i._is_digit         c_w.l(__printf_wp.o)
    0x08012e2e   0x00000002   PAD
    0x08012e30   0x0000005a   Code   RO          920    x$fpl$dfixu         fz_ws.l(dfixu.o)
    0x08012e8a   0x00000026   Code   RO          924    x$fpl$dfltu         fz_ws.l(dflt_clz.o)
    0x08012eb0   0x00000154   Code   RO          930    x$fpl$dmul          fz_ws.l(dmul.o)
    0x08013004   0x0000009c   Code   RO          974    x$fpl$dnaninf       fz_ws.l(dnaninf.o)
    0x080130a0   0x0000000c   Code   RO          976    x$fpl$dretinf       fz_ws.l(dretinf.o)
    0x080130ac   0x000000c4   Code   RO          932    x$fpl$fadd          fz_ws.l(faddsub_clz.o)
    0x08013170   0x00000018   Code   RO          978    x$fpl$fcmpinf       fz_ws.l(fcmpi.o)
    0x08013188   0x00000184   Code   RO          939    x$fpl$fdiv          fz_ws.l(fdiv.o)
    0x0801330c   0x00000068   Code   RO          942    x$fpl$feqf          fz_ws.l(feqf.o)
    0x08013374   0x0000003e   Code   RO          944    x$fpl$ffixu         fz_ws.l(ffixu.o)
    0x080133b2   0x00000002   PAD
    0x080133b4   0x00000026   Code   RO          948    x$fpl$ffltu         fz_ws.l(fflt_clz.o)
    0x080133da   0x00000002   PAD
    0x080133dc   0x00000068   Code   RO          954    x$fpl$fleqf         fz_ws.l(fleqf.o)
    0x08013444   0x00000102   Code   RO          956    x$fpl$fmul          fz_ws.l(fmul.o)
    0x08013546   0x0000008c   Code   RO          980    x$fpl$fnaninf       fz_ws.l(fnaninf.o)
    0x080135d2   0x0000000a   Code   RO          982    x$fpl$fretinf       fz_ws.l(fretinf.o)
    0x080135dc   0x00000062   Code   RO          958    x$fpl$frleqf        fz_ws.l(frleqf.o)
    0x0801363e   0x00000002   PAD
    0x08013640   0x000000ea   Code   RO          934    x$fpl$fsub          fz_ws.l(faddsub_clz.o)
    0x0801372a   0x00000000   Code   RO          984    x$fpl$usenofp       fz_ws.l(usenofp.o)
    0x0801372a   0x000017c0   Data   RO          303    .constdata          lcd.o
    0x08014eea   0x00000002   PAD
    0x08014eec   0x00000018   Data   RO          573    .constdata          malloc.o
    0x08014f04   0x0000003a   Data   RO          610    .constdata          ff.o
    0x08014f3e   0x00000002   PAD
    0x08014f40   0x00000138   Data   RO          632    .constdata          exfuns.o
    0x08015078   0x000003c0   Data   RO          671    .constdata          mycc936.o
    0x08015438   0x00000010   Data   RO          726    .constdata          fontupd.o
    0x08015448   0x00000028   Data   RO          773    .constdata          gif.o
    0x08015470   0x000004c0   Data   RO          810    .constdata          tjpgd.o
    0x08015930   0x00000028   Data   RO          863    .constdata          c_w.l(_printf_hex_int.o)
    0x08015958   0x00000011   Data   RO          898    .constdata          c_w.l(__printf_flags_ss_wp.o)
    0x08015969   0x00000003   PAD
    0x0801596c   0x00000060   Data   RO          633    .conststring        exfuns.o
    0x080159cc   0x00000028   Data   RO          684    .conststring        usmart.o
    0x080159f4   0x000000fc   Data   RO          699    .conststring        usmart_config.o
    0x08015af0   0x0000005f   Data   RO          727    .conststring        fontupd.o
    0x08015b4f   0x00000001   PAD
    0x08015b50   0x00000020   Data   RO         1151    Region$$Table       anon$$obj.o


    Execution Region RW_IRAM1 (Base: 0x20000000, Size: 0x0000c688, Max: 0x00010000, ABSOLUTE, COMPRESSED[0x0000008c])

    Base Addr    Size         Type   Attr      Idx    E Section Name        Object

    0x20000000   0x00000014   Data   RW          237    .data               system_stm32f10x.o
    0x20000014   0x00000001   Data   RW          289    .data               key.o
    0x20000015   0x00000001   PAD
    0x20000016   0x00000004   Data   RW          304    .data               lcd.o
    0x2000001a   0x00000002   Data   RW          345    .data               w25qxx.o
    0x2000001c   0x00000010   Data   RW          364    .data               sdio_sdcard.o
    0x2000002c   0x00000004   Data   RW          389    .data               delay.o
    0x20000030   0x00000006   Data   RW          421    .data               usart.o
    0x20000036   0x00000014   Data   RW          496    .data               stm32f10x_rcc.o
    0x2000004a   0x00000002   PAD
    0x2000004c   0x0000001c   Data   RW          574    .data               malloc.o
    0x20000068   0x00000002   Data   RW          592    .data               diskio.o
    0x2000006a   0x00000002   PAD
    0x2000006c   0x0000000a   Data   RW          611    .data               ff.o
    0x20000076   0x00000002   PAD
    0x20000078   0x0000001c   Data   RW          634    .data               exfuns.o
    0x20000094   0x0000001c   Data   RW          685    .data               usmart.o
    0x200000b0   0x0000011c   Data   RW          700    .data               usmart_config.o
    0x200001cc   0x00000001   Data   RW          774    .data               gif.o
    0x200001cd   0x00000003   PAD
    0x200001d0   0x0000000c   Data   RW          811    .data               tjpgd.o
    0x200001dc   0x0000000e   Zero   RW          302    .bss                lcd.o
    0x200001ea   0x00001000   Zero   RW          344    .bss                w25qxx.o
    0x200011ea   0x00000006   PAD
    0x200011f0   0x000002c0   Zero   RW          363    .bss                sdio_sdcard.o
    0x200014b0   0x000000c8   Zero   RW          420    .bss                usart.o
    0x20001578   0x00000008   PAD
    0x20001580   0x0000aa00   Zero   RW          572    .bss                malloc.o
    0x2000bf80   0x00000044   Zero   RW          631    .bss                exfuns.o
    0x2000bfc4   0x00000021   Zero   RW          725    .bss                fontupd.o
    0x2000bfe5   0x00000003   PAD
    0x2000bfe8   0x0000003c   Zero   RW          792    .bss                piclib.o
    0x2000c024   0x00000060   Zero   RW         1025    .bss                c_w.l(libspace.o)
    0x2000c084   0x00000004   PAD
    0x2000c088   0x00000200   Zero   RW          453    HEAP                startup_stm32f10x_hd.o
    0x2000c288   0x00000400   Zero   RW          452    STACK               startup_stm32f10x_hd.o



  Load Region LR$$.ARM.__AT_0x68000000 (Base: 0x68000000, Size: 0x00000000, Max: 0x000f0000, ABSOLUTE)

    Execution Region ER$$.ARM.__AT_0x68000000 (Base: 0x68000000, Size: 0x000f0000, Max: 0x000f0000, ABSOLUTE, UNINIT)

    Base Addr    Size         Type   Attr      Idx    E Section Name        Object

    0x68000000   0x000f0000   Zero   RW          570    .ARM.__AT_0x68000000  malloc.o



  Load Region LR$$.ARM.__AT_0x680F0000 (Base: 0x680f0000, Size: 0x00000000, Max: 0x0000f000, ABSOLUTE)

    Execution Region ER$$.ARM.__AT_0x680F0000 (Base: 0x680f0000, Size: 0x0000f000, Max: 0x0000f000, ABSOLUTE, UNINIT)

    Base Addr    Size         Type   Attr      Idx    E Section Name        Object

    0x680f0000   0x0000f000   Zero   RW          571    .ARM.__AT_0x680F0000  malloc.o


==============================================================================

Image component sizes


      Code (inc. data)   RO Data    RW Data    ZI Data      Debug   Object Name

      2188         24          0          0          0       5218   bmp.o
       200         16          0          4          0       1051   delay.o
       512          8          0          2          0       4286   diskio.o
       424         22        408         28         68       2724   exfuns.o
      1736        690          0          0          0       5872   fattester.o
     13028        144         58         10          0      38134   ff.o
      1488        158        111          0         33       4188   fontupd.o
      3744         24         40          1          0      10218   gif.o
       252         12          0          1          0        832   key.o
     19048        164       6080          4         14      21818   lcd.o
        76          8          0          0          0        487   led.o
      1340        246          0          0          0     293492   main.o
       556         18         24         28    1088000       4656   malloc.o
       220         22          0          0          0       1785   misc.o
       204         12        960          0          0       1593   mycc936.o
       752         30          0          0         60       4603   piclib.o
      7216        256          0         16        704      24680   sdio_sdcard.o
       264         10          0          0          0       1113   spi.o
        64         26        304          0       1536        792   startup_stm32f10x_hd.o
       596          8          0          0          0       4346   stm32f10x_dma.o
      1548         18          0          0          0       5359   stm32f10x_fsmc.o
       860         38          0          0          0       5717   stm32f10x_gpio.o
        26          0          0          0          0       1170   stm32f10x_it.o
       932         36          0         20          0       8884   stm32f10x_rcc.o
       468         22          0          0          0       7104   stm32f10x_sdio.o
       780         14          0          0          0       6598   stm32f10x_spi.o
      3610         88          0          0          0      22824   stm32f10x_tim.o
      1032         22          0          0          0       8440   stm32f10x_usart.o
        12          0          0          0          0        611   sys.o
       480         38          0         20          0       1715   system_stm32f10x.o
       724         16          0          0          0       3100   text.o
      4720         72       1216         12          0      17403   tjpgd.o
       320         16          0          6        200       3150   usart.o
      3128       1288         40         28          0       4350   usmart.o
         0          0        252        284          0       1548   usmart_config.o
      1320         12          0          0          0       5209   usmart_str.o
       872         30          0          2       4096       4453   w25qxx.o

    ----------------------------------------------------------------------
     74744       3608       9530        476    1094728     539523   Object Totals
         0          0         32          0          0          0   (incl. Generated)
         4          0          5         10         17          0   (incl. Padding)

    ----------------------------------------------------------------------

      Code (inc. data)   RO Data    RW Data    ZI Data      Debug   Library Member Name

        90          0          0          0          0          0   __dczerorl2.o
         8          0          0          0          0         68   __main.o
       392          4         17          0          0         92   __printf_flags_ss_wp.o
        14          0          0          0          0         68   __printf_wp.o
         0          0          0          0          0          0   __rtentry.o
        12          0          0          0          0          0   __rtentry2.o
         6          0          0          0          0          0   __rtentry4.o
        52          8          0          0          0          0   __scatter.o
        28          0          0          0          0          0   __scatter_zi.o
         6          0          0          0          0          0   _printf_c.o
        44          0          0          0          0        108   _printf_char.o
        48          6          0          0          0         96   _printf_char_common.o
        36          4          0          0          0         80   _printf_char_file.o
         6          0          0          0          0          0   _printf_d.o
       120         16          0          0          0         92   _printf_dec.o
        88          4         40          0          0         88   _printf_hex_int.o
       178          0          0          0          0         88   _printf_intcommon.o
        78          0          0          0          0        108   _printf_pad.o
         0          0          0          0          0          0   _printf_percent.o
         4          0          0          0          0          0   _printf_percent_end.o
         6          0          0          0          0          0   _printf_s.o
        82          0          0          0          0         80   _printf_str.o
         6          0          0          0          0          0   _printf_u.o
         6          0          0          0          0          0   _printf_x.o
        18          0          0          0          0         80   exit.o
         8          0          0          0          0         68   ferror.o
         6          0          0          0          0        152   heapauxi.o
         2          0          0          0          0          0   libinit.o
         2          0          0          0          0          0   libinit2.o
         2          0          0          0          0          0   libshutdown.o
         2          0          0          0          0          0   libshutdown2.o
         8          4          0          0         96         68   libspace.o
        72          0          0          0          0         76   llsdiv.o
       238          0          0          0          0        100   lludivv7m.o
        24          4          0          0          0         84   noretval__2printf.o
       138          0          0          0          0         68   rt_memcpy_v6.o
       100          0          0          0          0         80   rt_memcpy_w.o
         2          0          0          0          0          0   rtexit.o
        10          0          0          0          0          0   rtexit2.o
        24          0          0          0          0         68   strcat.o
       128          0          0          0          0         68   strcmpv7m.o
        72          0          0          0          0         80   strcpy.o
        62          0          0          0          0         76   strlen.o
        74          0          0          0          0         80   sys_stackheap_outer.o
         2          0          0          0          0         68   use_no_semi.o
         2          0          0          0          0         68   use_no_semi_2.o
        90          4          0          0          0         92   dfixu.o
        38          0          0          0          0         68   dflt_clz.o
       340         12          0          0          0        104   dmul.o
       156          4          0          0          0         92   dnaninf.o
        12          0          0          0          0         68   dretinf.o
       430          8          0          0          0        168   faddsub_clz.o
        24          0          0          0          0         68   fcmpi.o
       388         76          0          0          0         96   fdiv.o
       104          4          0          0          0         84   feqf.o
        62          4          0          0          0         84   ffixu.o
        38          0          0          0          0         68   fflt_clz.o
       104          4          0          0          0         84   fleqf.o
       258          4          0          0          0         84   fmul.o
       140          4          0          0          0         84   fnaninf.o
        10          0          0          0          0         68   fretinf.o
        98          0          0          0          0         68   frleqf.o
         0          0          0          0          0          0   usenofp.o

    ----------------------------------------------------------------------
      4610        174         60          0        100       3632   Library Totals
        12          0          3          0          4          0   (incl. Padding)

    ----------------------------------------------------------------------

      Code (inc. data)   RO Data    RW Data    ZI Data      Debug   Library Name

      2306         50         57          0         96       2252   c_w.l
      2292        124          0          0          0       1380   fz_ws.l

    ----------------------------------------------------------------------
      4610        174         60          0        100       3632   Library Totals

    ----------------------------------------------------------------------

==============================================================================


      Code (inc. data)   RO Data    RW Data    ZI Data      Debug   

     79354       3782       9590        476    1094828     537743   Grand Totals
     79354       3782       9590        140    1094828     537743   ELF Image Totals (compressed)
     79354       3782       9590        140          0          0   ROM Totals

==============================================================================

    Total RO  Size (Code + RO Data)                88944 (  86.86kB)
    Total RW  Size (RW Data + ZI Data)           1095304 (1069.63kB)
    Total ROM Size (Code + RO Data + RW Data)      89084 (  87.00kB)

==============================================================================

